HMC5883L.c:53:6:HMC5883L_initialize	8	static
HMC5883L.c:72:6:HMC5883L_testConnection	8	static
HMC5883L.c:88:9:HMC5883L_getSampleAveraging	16	static
HMC5883L.c:98:6:HMC5883L_setSampleAveraging	24	static
HMC5883L.c:124:9:HMC5883L_getDataRate	16	static
HMC5883L.c:136:6:HMC5883L_setDataRate	24	static
HMC5883L.c:146:9:HMC5883L_getMeasurementBias	16	static
HMC5883L.c:157:6:HMC5883L_setMeasurementBias	24	static
HMC5883L.c:186:9:HMC5883L_getGain	16	static
HMC5883L.c:197:6:HMC5883L_setGain	16	static
HMC5883L.c:228:9:HMC5883L_getMode	16	static
HMC5883L.c:242:6:HMC5883L_setMode	16	static
HMC5883L.c:263:6:HMC5883L_getHeading	24	static
HMC5883L.c:274:9:HMC5883L_getHeadingX	8	static
HMC5883L.c:285:9:HMC5883L_getHeadingY	8	static
HMC5883L.c:296:9:HMC5883L_getHeadingZ	8	static
HMC5883L.c:317:6:HMC5883L_getLockStatus	8	static
HMC5883L.c:331:6:HMC5883L_getReadyStatus	8	static
HMC5883L.c:341:9:HMC5883L_getIDA	8	static
HMC5883L.c:348:9:HMC5883L_getIDB	8	static
HMC5883L.c:355:9:HMC5883L_getIDC	8	static
