MPU6050.c:53:6:MPU6050	16	static
MPU6050.c:64:6:MPU6050_initialize	8	static
MPU6050.c:75:6:MPU6050_testConnection	8	static
MPU6050.c:87:9:MPU6050_getAuxVDDIOLevel	8	static
MPU6050.c:97:6:MPU6050_setAuxVDDIOLevel	16	static
MPU6050.c:124:9:MPU6050_getRate	8	static
MPU6050.c:133:6:MPU6050_setRate	16	static
MPU6050.c:166:9:MPU6050_getExternalFrameSync	16	static
MPU6050.c:175:6:MPU6050_setExternalFrameSync	24	static
MPU6050.c:206:9:MPU6050_getDLPFMode	16	static
MPU6050.c:218:6:MPU6050_setDLPFMode	24	static
MPU6050.c:241:9:MPU6050_getFullScaleGyroRange	16	static
MPU6050.c:253:6:MPU6050_setFullScaleGyroRange	24	static
MPU6050.c:263:6:MPU6050_getAccelXSelfTest	8	static
MPU6050.c:271:6:MPU6050_setAccelXSelfTest	16	static
MPU6050.c:278:6:MPU6050_getAccelYSelfTest	8	static
MPU6050.c:286:6:MPU6050_setAccelYSelfTest	16	static
MPU6050.c:293:6:MPU6050_getAccelZSelfTest	8	static
MPU6050.c:301:6:MPU6050_setAccelZSelfTest	16	static
MPU6050.c:321:9:MPU6050_getFullScaleAccelRange	16	static
MPU6050.c:329:6:MPU6050_setFullScaleAccelRange	24	static
MPU6050.c:367:9:MPU6050_getDHPFMode	16	static
MPU6050.c:377:6:MPU6050_setDHPFMode	24	static
MPU6050.c:398:9:MPU6050_getFreefallDetectionThreshold	8	static
MPU6050.c:407:6:MPU6050_setFreefallDetectionThreshold	16	static
MPU6050.c:430:9:MPU6050_getFreefallDetectionDuration	8	static
MPU6050.c:439:6:MPU6050_setFreefallDetectionDuration	16	static
MPU6050.c:464:9:MPU6050_getMotionDetectionThreshold	8	static
MPU6050.c:473:6:MPU6050_setMotionDetectionThreshold	16	static
MPU6050.c:494:9:MPU6050_getMotionDetectionDuration	8	static
MPU6050.c:503:6:MPU6050_setMotionDetectionDuration	16	static
MPU6050.c:534:9:MPU6050_getZeroMotionDetectionThreshold	8	static
MPU6050.c:543:6:MPU6050_setZeroMotionDetectionThreshold	16	static
MPU6050.c:565:9:MPU6050_getZeroMotionDetectionDuration	8	static
MPU6050.c:574:6:MPU6050_setZeroMotionDetectionDuration	16	static
MPU6050.c:586:6:MPU6050_getTempFIFOEnabled	8	static
MPU6050.c:595:6:MPU6050_setTempFIFOEnabled	16	static
MPU6050.c:604:6:MPU6050_getXGyroFIFOEnabled	8	static
MPU6050.c:613:6:MPU6050_setXGyroFIFOEnabled	16	static
MPU6050.c:622:6:MPU6050_getYGyroFIFOEnabled	8	static
MPU6050.c:631:6:MPU6050_setYGyroFIFOEnabled	16	static
MPU6050.c:640:6:MPU6050_getZGyroFIFOEnabled	8	static
MPU6050.c:649:6:MPU6050_setZGyroFIFOEnabled	16	static
MPU6050.c:659:6:MPU6050_getAccelFIFOEnabled	8	static
MPU6050.c:668:6:MPU6050_setAccelFIFOEnabled	16	static
MPU6050.c:677:6:MPU6050_getSlave2FIFOEnabled	8	static
MPU6050.c:686:6:MPU6050_setSlave2FIFOEnabled	16	static
MPU6050.c:695:6:MPU6050_getSlave1FIFOEnabled	8	static
MPU6050.c:704:6:MPU6050_setSlave1FIFOEnabled	16	static
MPU6050.c:713:6:MPU6050_getSlave0FIFOEnabled	8	static
MPU6050.c:722:6:MPU6050_setSlave0FIFOEnabled	16	static
MPU6050.c:743:6:MPU6050_getMultiMasterEnabled	8	static
MPU6050.c:752:6:MPU6050_setMultiMasterEnabled	16	static
MPU6050.c:766:6:MPU6050_getWaitForExternalSensorEnabled	8	static
MPU6050.c:775:6:MPU6050_setWaitForExternalSensorEnabled	16	static
MPU6050.c:784:6:MPU6050_getSlave3FIFOEnabled	8	static
MPU6050.c:793:6:MPU6050_setSlave3FIFOEnabled	16	static
MPU6050.c:806:6:MPU6050_getSlaveReadWriteTransitionEnabled	8	static
MPU6050.c:815:6:MPU6050_setSlaveReadWriteTransitionEnabled	16	static
MPU6050.c:847:9:MPU6050_getMasterClockSpeed	16	static
MPU6050.c:855:6:MPU6050_setMasterClockSpeed	24	static
MPU6050.c:902:9:MPU6050_getSlaveAddress	16	static
MPU6050.c:913:6:MPU6050_setSlaveAddress	16	static
MPU6050.c:928:9:MPU6050_getSlaveRegister	16	static
MPU6050.c:939:6:MPU6050_setSlaveRegister	16	static
MPU6050.c:950:6:MPU6050_getSlaveEnabled	16	static
MPU6050.c:961:6:MPU6050_setSlaveEnabled	16	static
MPU6050.c:976:6:MPU6050_getSlaveWordByteSwap	16	static
MPU6050.c:987:6:MPU6050_setSlaveWordByteSwap	16	static
MPU6050.c:1001:6:MPU6050_getSlaveWriteMode	16	static
MPU6050.c:1012:6:MPU6050_setSlaveWriteMode	16	static
MPU6050.c:1027:6:MPU6050_getSlaveWordGroupOffset	16	static
MPU6050.c:1038:6:MPU6050_setSlaveWordGroupOffset	16	static
MPU6050.c:1049:9:MPU6050_getSlaveDataLength	24	static
MPU6050.c:1060:6:MPU6050_setSlaveDataLength	24	static
MPU6050.c:1076:9:MPU6050_getSlave4Address	8	static
MPU6050.c:1085:6:MPU6050_setSlave4Address	16	static
MPU6050.c:1095:9:MPU6050_getSlave4Register	8	static
MPU6050.c:1104:6:MPU6050_setSlave4Register	16	static
MPU6050.c:1113:6:MPU6050_setSlave4OutputByte	16	static
MPU6050.c:1122:6:MPU6050_getSlave4Enabled	8	static
MPU6050.c:1131:6:MPU6050_setSlave4Enabled	16	static
MPU6050.c:1143:6:MPU6050_getSlave4InterruptEnabled	8	static
MPU6050.c:1152:6:MPU6050_setSlave4InterruptEnabled	16	static
MPU6050.c:1164:6:MPU6050_getSlave4WriteMode	8	static
MPU6050.c:1173:6:MPU6050_setSlave4WriteMode	16	static
MPU6050.c:1191:9:MPU6050_getSlave4MasterDelay	16	static
MPU6050.c:1200:6:MPU6050_setSlave4MasterDelay	24	static
MPU6050.c:1209:9:MPU6050_getSlate4InputByte	8	static
MPU6050.c:1225:6:MPU6050_getPassthroughStatus	8	static
MPU6050.c:1237:6:MPU6050_getSlave4IsDone	8	static
MPU6050.c:1248:6:MPU6050_getLostArbitration	8	static
MPU6050.c:1259:6:MPU6050_getSlave4Nack	8	static
MPU6050.c:1270:6:MPU6050_getSlave3Nack	8	static
MPU6050.c:1281:6:MPU6050_getSlave2Nack	8	static
MPU6050.c:1292:6:MPU6050_getSlave1Nack	8	static
MPU6050.c:1303:6:MPU6050_getSlave0Nack	8	static
MPU6050.c:1316:6:MPU6050_getInterruptMode	8	static
MPU6050.c:1326:6:MPU6050_setInterruptMode	16	static
MPU6050.c:1335:6:MPU6050_getInterruptDrive	8	static
MPU6050.c:1345:6:MPU6050_setInterruptDrive	16	static
MPU6050.c:1354:6:MPU6050_getInterruptLatch	8	static
MPU6050.c:1364:6:MPU6050_setInterruptLatch	16	static
MPU6050.c:1373:6:MPU6050_getInterruptLatchClear	8	static
MPU6050.c:1383:6:MPU6050_setInterruptLatchClear	16	static
MPU6050.c:1392:6:MPU6050_getFSyncInterruptLevel	8	static
MPU6050.c:1402:6:MPU6050_setFSyncInterruptLevel	16	static
MPU6050.c:1411:6:MPU6050_getFSyncInterruptEnabled	8	static
MPU6050.c:1421:6:MPU6050_setFSyncInterruptEnabled	16	static
MPU6050.c:1435:6:MPU6050_getI2CBypassEnabled	8	static
MPU6050.c:1450:6:MPU6050_setI2CBypassEnabled	16	static
MPU6050.c:1462:6:MPU6050_getClockOutputEnabled	8	static
MPU6050.c:1475:6:MPU6050_setClockOutputEnabled	16	static
MPU6050.c:1488:9:MPU6050_getIntEnabled	8	static
MPU6050.c:1500:6:MPU6050_setIntEnabled	16	static
MPU6050.c:1509:6:MPU6050_getIntFreefallEnabled	8	static
MPU6050.c:1519:6:MPU6050_setIntFreefallEnabled	16	static
MPU6050.c:1528:6:MPU6050_getIntMotionEnabled	8	static
MPU6050.c:1538:6:MPU6050_setIntMotionEnabled	16	static
MPU6050.c:1547:6:MPU6050_getIntZeroMotionEnabled	8	static
MPU6050.c:1557:6:MPU6050_setIntZeroMotionEnabled	16	static
MPU6050.c:1566:6:MPU6050_getIntFIFOBufferOverflowEnabled	8	static
MPU6050.c:1576:6:MPU6050_setIntFIFOBufferOverflowEnabled	16	static
MPU6050.c:1586:6:MPU6050_getIntI2CMasterEnabled	8	static
MPU6050.c:1596:6:MPU6050_setIntI2CMasterEnabled	16	static
MPU6050.c:1606:6:MPU6050_getIntDataReadyEnabled	8	static
MPU6050.c:1616:6:MPU6050_setIntDataReadyEnabled	16	static
MPU6050.c:1629:9:MPU6050_getIntStatus	8	static
MPU6050.c:1640:6:MPU6050_getIntFreefallStatus	8	static
MPU6050.c:1651:6:MPU6050_getIntMotionStatus	8	static
MPU6050.c:1662:6:MPU6050_getIntZeroMotionStatus	8	static
MPU6050.c:1673:6:MPU6050_getIntFIFOBufferOverflowStatus	8	static
MPU6050.c:1685:6:MPU6050_getIntI2CMasterStatus	8	static
MPU6050.c:1696:6:MPU6050_getIntDataReadyStatus	8	static
MPU6050.c:1719:6:MPU6050_getMotion9	32	static
MPU6050.c:1735:6:MPU6050_getMotion6	24	static
MPU6050.c:1780:6:MPU6050_getAcceleration	24	static
MPU6050.c:1791:9:MPU6050_getAccelerationX	8	static
MPU6050.c:1800:9:MPU6050_getAccelerationY	8	static
MPU6050.c:1809:9:MPU6050_getAccelerationZ	8	static
MPU6050.c:1820:9:MPU6050_getTemperature	8	static
MPU6050.c:1859:6:MPU6050_getRotation	24	static
MPU6050.c:1870:9:MPU6050_getRotationX	8	static
MPU6050.c:1879:9:MPU6050_getRotationY	8	static
MPU6050.c:1888:9:MPU6050_getRotationZ	8	static
MPU6050.c:1969:9:MPU6050_getExternalSensorByte	16	static
MPU6050.c:1978:10:MPU6050_getExternalSensorWord	16	static
MPU6050.c:1987:10:MPU6050_getExternalSensorDWord	16	static
MPU6050.c:1999:6:MPU6050_getXNegMotionDetected	8	static
MPU6050.c:2008:6:MPU6050_getXPosMotionDetected	8	static
MPU6050.c:2017:6:MPU6050_getYNegMotionDetected	8	static
MPU6050.c:2026:6:MPU6050_getYPosMotionDetected	8	static
MPU6050.c:2035:6:MPU6050_getZNegMotionDetected	8	static
MPU6050.c:2044:6:MPU6050_getZPosMotionDetected	8	static
MPU6050.c:2053:6:MPU6050_getZeroMotionDetected	8	static
MPU6050.c:2068:6:MPU6050_setSlaveOutputByte	16	static
MPU6050.c:2083:6:MPU6050_getExternalShadowDelayEnabled	8	static
MPU6050.c:2093:6:MPU6050_setExternalShadowDelayEnabled	16	static
MPU6050.c:2114:6:MPU6050_getSlaveDelayEnabled	16	static
MPU6050.c:2126:6:MPU6050_setSlaveDelayEnabled	16	static
MPU6050.c:2138:6:MPU6050_resetGyroscopePath	8	static
MPU6050.c:2147:6:MPU6050_resetAccelerometerPath	8	static
MPU6050.c:2156:6:MPU6050_resetTemperaturePath	8	static
MPU6050.c:2176:9:MPU6050_getAccelerometerPowerOnDelay	16	static
MPU6050.c:2186:6:MPU6050_setAccelerometerPowerOnDelay	24	static
MPU6050.c:2215:9:MPU6050_getFreefallDetectionCounterDecrement	16	static
MPU6050.c:2225:6:MPU6050_setFreefallDetectionCounterDecrement	24	static
MPU6050.c:2251:9:MPU6050_getMotionDetectionCounterDecrement	16	static
MPU6050.c:2261:6:MPU6050_setMotionDetectionCounterDecrement	24	static
MPU6050.c:2275:6:MPU6050_getFIFOEnabled	8	static
MPU6050.c:2285:6:MPU6050_setFIFOEnabled	16	static
MPU6050.c:2299:6:MPU6050_getI2CMasterModeEnabled	8	static
MPU6050.c:2309:6:MPU6050_setI2CMasterModeEnabled	16	static
MPU6050.c:2316:6:MPU6050_switchSPIEnabled	16	static
MPU6050.c:2325:6:MPU6050_resetFIFO	8	static
MPU6050.c:2334:6:MPU6050_resetI2CMaster	8	static
MPU6050.c:2349:6:MPU6050_resetSensors	8	static
MPU6050.c:2360:6:MPU6050_reset	8	static
MPU6050.c:2374:6:MPU6050_getSleepEnabled	8	static
MPU6050.c:2384:6:MPU6050_setSleepEnabled	16	static
MPU6050.c:2395:6:MPU6050_getWakeCycleEnabled	8	static
MPU6050.c:2405:6:MPU6050_setWakeCycleEnabled	16	static
MPU6050.c:2419:6:MPU6050_getTempSensorEnabled	8	static
MPU6050.c:2433:6:MPU6050_setTempSensorEnabled	16	static
MPU6050.c:2443:9:MPU6050_getClockSource	16	static
MPU6050.c:2477:6:MPU6050_setClockSource	24	static
MPU6050.c:2506:9:MPU6050_getWakeFrequency	16	static
MPU6050.c:2514:6:MPU6050_setWakeFrequency	24	static
MPU6050.c:2524:6:MPU6050_getStandbyXAccelEnabled	8	static
MPU6050.c:2534:6:MPU6050_setStandbyXAccelEnabled	16	static
MPU6050.c:2543:6:MPU6050_getStandbyYAccelEnabled	8	static
MPU6050.c:2553:6:MPU6050_setStandbyYAccelEnabled	16	static
MPU6050.c:2562:6:MPU6050_getStandbyZAccelEnabled	8	static
MPU6050.c:2572:6:MPU6050_setStandbyZAccelEnabled	16	static
MPU6050.c:2581:6:MPU6050_getStandbyXGyroEnabled	8	static
MPU6050.c:2591:6:MPU6050_setStandbyXGyroEnabled	16	static
MPU6050.c:2600:6:MPU6050_getStandbyYGyroEnabled	8	static
MPU6050.c:2610:6:MPU6050_setStandbyYGyroEnabled	16	static
MPU6050.c:2619:6:MPU6050_getStandbyZGyroEnabled	8	static
MPU6050.c:2629:6:MPU6050_setStandbyZGyroEnabled	16	static
MPU6050.c:2642:10:MPU6050_getFIFOCount	8	static
MPU6050.c:2674:9:MPU6050_getFIFOByte	8	static
MPU6050.c:2678:6:MPU6050_getFIFOBytes	16	static
MPU6050.c:2685:6:MPU6050_setFIFOByte	16	static
MPU6050.c:2698:9:MPU6050_getDeviceID	16	static
MPU6050.c:2711:6:MPU6050_setDeviceID	24	static
MPU6050.c:2719:9:MPU6050_getOTPBankValid	8	static
MPU6050.c:2723:6:MPU6050_setOTPBankValid	16	static
MPU6050.c:2726:8:MPU6050_getXGyroOffsetTC	16	static
MPU6050.c:2730:6:MPU6050_setXGyroOffsetTC	24	static
MPU6050.c:2736:8:MPU6050_getYGyroOffsetTC	16	static
MPU6050.c:2740:6:MPU6050_setYGyroOffsetTC	24	static
MPU6050.c:2746:8:MPU6050_getZGyroOffsetTC	16	static
MPU6050.c:2750:6:MPU6050_setZGyroOffsetTC	24	static
MPU6050.c:2756:8:MPU6050_getXFineGain	8	static
MPU6050.c:2760:6:MPU6050_setXFineGain	16	static
MPU6050.c:2766:8:MPU6050_getYFineGain	8	static
MPU6050.c:2770:6:MPU6050_setYFineGain	16	static
MPU6050.c:2776:8:MPU6050_getZFineGain	8	static
MPU6050.c:2780:6:MPU6050_setZFineGain	16	static
MPU6050.c:2786:9:MPU6050_getXAccelOffset	8	static
MPU6050.c:2790:6:MPU6050_setXAccelOffset	16	static
MPU6050.c:2796:9:MPU6050_getYAccelOffset	8	static
MPU6050.c:2800:6:MPU6050_setYAccelOffset	16	static
MPU6050.c:2806:9:MPU6050_getZAccelOffset	8	static
MPU6050.c:2810:6:MPU6050_setZAccelOffset	16	static
MPU6050.c:2816:9:MPU6050_getXGyroOffset	8	static
MPU6050.c:2820:6:MPU6050_setXGyroOffset	16	static
MPU6050.c:2826:9:MPU6050_getYGyroOffset	8	static
MPU6050.c:2830:6:MPU6050_setYGyroOffset	16	static
MPU6050.c:2836:9:MPU6050_getZGyroOffset	8	static
MPU6050.c:2840:6:MPU6050_setZGyroOffset	16	static
MPU6050.c:2846:6:MPU6050_getIntPLLReadyEnabled	8	static
MPU6050.c:2850:6:MPU6050_setIntPLLReadyEnabled	16	static
MPU6050.c:2853:6:MPU6050_getIntDMPEnabled	8	static
MPU6050.c:2857:6:MPU6050_setIntDMPEnabled	16	static
MPU6050.c:2863:6:MPU6050_getDMPInt5Status	8	static
MPU6050.c:2867:6:MPU6050_getDMPInt4Status	8	static
MPU6050.c:2871:6:MPU6050_getDMPInt3Status	8	static
MPU6050.c:2875:6:MPU6050_getDMPInt2Status	8	static
MPU6050.c:2879:6:MPU6050_getDMPInt1Status	8	static
MPU6050.c:2883:6:MPU6050_getDMPInt0Status	8	static
MPU6050.c:2890:6:MPU6050_getIntPLLReadyStatus	8	static
MPU6050.c:2894:6:MPU6050_getIntDMPStatus	8	static
MPU6050.c:2901:6:MPU6050_getDMPEnabled	8	static
MPU6050.c:2905:6:MPU6050_setDMPEnabled	16	static
MPU6050.c:2908:6:MPU6050_resetDMP	8	static
MPU6050.c:2914:6:MPU6050_setMemoryBank	16	static
MPU6050.c:2923:6:MPU6050_setMemoryStartAddress	16	static
MPU6050.c:2929:9:MPU6050_readMemoryByte	8	static
MPU6050.c:2933:6:MPU6050_writeMemoryByte	16	static
MPU6050.c:2936:6:MPU6050_readMemoryBlock	24	static
MPU6050.c:3127:9:MPU6050_getDMPConfig1	8	static
MPU6050.c:3131:6:MPU6050_setDMPConfig1	16	static
MPU6050.c:3137:9:MPU6050_getDMPConfig2	8	static
MPU6050.c:3141:6:MPU6050_setDMPConfig2	16	static
