18:29:36 **** Incremental Build of configuration Debug for project ETHERNET ****
make -j16 all 
arm-none-eabi-gcc "../Core/Src/udpClientRAW.c" -mcpu=cortex-m7 -std=gnu11 -g3 -DDEBUG -DUSE_HAL_DRIVER -DSTM32F746xx -c -I../Core/Inc -I../Drivers/STM32F7xx_HAL_Driver/Inc -I../Drivers/STM32F7xx_HAL_Driver/Inc/Legacy -I../Drivers/CMSIS/Device/ST/STM32F7xx/Include -I../Drivers/CMSIS/Include -I../LWIP/App -I../LWIP/Target -I../Middlewares/Third_Party/LwIP/src/include -I../Middlewares/Third_Party/LwIP/system -I../Middlewares/Third_Party/LwIP/src/include/netif/ppp -I../Middlewares/Third_Party/LwIP/src/include/lwip -I../Middlewares/Third_Party/LwIP/src/include/lwip/apps -I../Middlewares/Third_Party/LwIP/src/include/lwip/priv -I../Middlewares/Third_Party/LwIP/src/include/lwip/prot -I../Middlewares/Third_Party/LwIP/src/include/netif -I../Middlewares/Third_Party/LwIP/src/include/compat/posix -I../Middlewares/Third_Party/LwIP/src/include/compat/posix/arpa -I../Middlewares/Third_Party/LwIP/src/include/compat/posix/net -I../Middlewares/Third_Party/LwIP/src/include/compat/posix/sys -I../Middlewares/Third_Party/LwIP/src/include/compat/stdc -I../Middlewares/Third_Party/LwIP/system/arch -O0 -ffunction-sections -fdata-sections -Wall -fstack-usage -MMD -MP -MF"Core/Src/udpClientRAW.d" -MT"Core/Src/udpClientRAW.o" --specs=nano.specs -mfpu=fpv5-sp-d16 -mfloat-abi=hard -mthumb -o "Core/Src/udpClientRAW.o"
../Core/Src/udpClientRAW.c: In function 'udpClient_connect':
../Core/Src/udpClientRAW.c:74:18: warning: passing argument 1 of 'udpClient_send' from incompatible pointer type [-Wincompatible-pointer-types]
   74 |   udpClient_send("stmF746ZG_ready");
      |                  ^~~~~~~~~~~~~~~~~
      |                  |
      |                  char *
In file included from ../Core/Src/udpClientRAW.c:30:
../Core/Src/udpClientRAW.h:26:21: note: expected 'char **' but argument is of type 'char *'
   26 | void udpClient_send(char* []);
      |                     ^~~~~~~~
../Core/Src/udpClientRAW.c: In function 'udpClient_send':
../Core/Src/udpClientRAW.c:88:27: warning: passing argument 2 of 'sprintf' from incompatible pointer type [-Wincompatible-pointer-types]
   88 |   int len = sprintf(data, send_msg);
      |                           ^~~~~~~~
      |                           |
      |                           char **
In file included from ../Middlewares/Third_Party/LwIP/system/arch/cc.h:37,
                 from ../Middlewares/Third_Party/LwIP/src/include/lwip/arch.h:48,
                 from ../Middlewares/Third_Party/LwIP/src/include/lwip/debug.h:40,
                 from ../Middlewares/Third_Party/LwIP/src/include/lwip/opt.h:52,
                 from ../Middlewares/Third_Party/LwIP/src/include/lwip/pbuf.h:41,
                 from ../Core/Src/udpClientRAW.c:23:
c:\st\stm32cubeide_1.7.0\stm32cubeide\plugins\com.st.stm32cube.ide.mcu.externaltools.gnu-tools-for-stm32.9-2020-q2-update.win32_2.0.0.202105311346\tools\arm-none-eabi\include\stdio.h:244:32: note: expected 'const char * restrict' but argument is of type 'char **'
  244 | int sprintf (char *__restrict, const char *__restrict, ...)
      |                                ^
../Core/Src/udpClientRAW.c: In function 'udpClient_receive_callback':
../Core/Src/udpClientRAW.c:125:22: warning: passing argument 1 of 'udpClient_send' from incompatible pointer type [-Wincompatible-pointer-types]
  125 |       udpClient_send("stmF746ZG_ready");
      |                      ^~~~~~~~~~~~~~~~~
      |                      |
      |                      char *
../Core/Src/udpClientRAW.c:82:27: note: expected 'char **' but argument is of type 'char *'
   82 | void udpClient_send(char* send_msg[])
      |                     ~~~~~~^~~~~~~~~~
../Core/Src/udpClientRAW.c:129:37: warning: passing argument 2 of 'strtok' makes pointer from integer without a cast [-Wint-conversion]
  129 |     token = strtok(received_buffer, (int)',');
      |                                     ^~~~~~~~
      |                                     |
      |                                     int
In file included from ../Core/Src/udpClientRAW.c:28:
c:\st\stm32cubeide_1.7.0\stm32cubeide\plugins\com.st.stm32cube.ide.mcu.externaltools.gnu-tools-for-stm32.9-2020-q2-update.win32_2.0.0.202105311346\tools\arm-none-eabi\include\string.h:50:8: note: expected 'const char * restrict' but argument is of type 'int'
   50 | char  *strtok (char *__restrict, const char *__restrict);
      |        ^~~~~~
arm-none-eabi-gcc -o "ETHERNET.elf" @"objects.list"   -mcpu=cortex-m7 -T"C:\Users\heyju\OneDrive - University of Tulsa\fs2021\mpdd\ECE4263-github\STM_workspace\ETHERNET\STM32F746ZGTX_FLASH.ld" --specs=nosys.specs -Wl,-Map="ETHERNET.map" -Wl,--gc-sections -static --specs=nano.specs -mfpu=fpv5-sp-d16 -mfloat-abi=hard -mthumb -Wl,--start-group -lc -lm -Wl,--end-group
Finished building target: ETHERNET.elf
 
arm-none-eabi-size   ETHERNET.elf 
arm-none-eabi-objdump -h -S  ETHERNET.elf  > "ETHERNET.list"
arm-none-eabi-objcopy  -O binary  ETHERNET.elf  "ETHERNET.bin"
   text	   data	    bss	    dec	    hex	filename
  73860	    128	  37056	 111044	  1b1c4	ETHERNET.elf
Finished building: default.size.stdout
 
Finished building: ETHERNET.bin
 
Finished building: ETHERNET.list
 
18:30:02 **** Incremental Build of configuration Debug for project ETHERNET ****
make -j16 all 
arm-none-eabi-gcc "../Core/Src/udpClientRAW.c" -mcpu=cortex-m7 -std=gnu11 -g3 -DDEBUG -DUSE_HAL_DRIVER -DSTM32F746xx -c -I../Core/Inc -I../Drivers/STM32F7xx_HAL_Driver/Inc -I../Drivers/STM32F7xx_HAL_Driver/Inc/Legacy -I../Drivers/CMSIS/Device/ST/STM32F7xx/Include -I../Drivers/CMSIS/Include -I../LWIP/App -I../LWIP/Target -I../Middlewares/Third_Party/LwIP/src/include -I../Middlewares/Third_Party/LwIP/system -I../Middlewares/Third_Party/LwIP/src/include/netif/ppp -I../Middlewares/Third_Party/LwIP/src/include/lwip -I../Middlewares/Third_Party/LwIP/src/include/lwip/apps -I../Middlewares/Third_Party/LwIP/src/include/lwip/priv -I../Middlewares/Third_Party/LwIP/src/include/lwip/prot -I../Middlewares/Third_Party/LwIP/src/include/netif -I../Middlewares/Third_Party/LwIP/src/include/compat/posix -I../Middlewares/Third_Party/LwIP/src/include/compat/posix/arpa -I../Middlewares/Third_Party/LwIP/src/include/compat/posix/net -I../Middlewares/Third_Party/LwIP/src/include/compat/posix/sys -I../Middlewares/Third_Party/LwIP/src/include/compat/stdc -I../Middlewares/Third_Party/LwIP/system/arch -O0 -ffunction-sections -fdata-sections -Wall -fstack-usage -MMD -MP -MF"Core/Src/udpClientRAW.d" -MT"Core/Src/udpClientRAW.o" --specs=nano.specs -mfpu=fpv5-sp-d16 -mfloat-abi=hard -mthumb -o "Core/Src/udpClientRAW.o"
../Core/Src/udpClientRAW.c: In function 'udpClient_connect':
../Core/Src/udpClientRAW.c:74:18: warning: passing argument 1 of 'udpClient_send' from incompatible pointer type [-Wincompatible-pointer-types]
   74 |   udpClient_send("stmF746ZG_ready");
      |                  ^~~~~~~~~~~~~~~~~
      |                  |
      |                  char *
In file included from ../Core/Src/udpClientRAW.c:30:
../Core/Src/udpClientRAW.h:26:21: note: expected 'char **' but argument is of type 'char *'
   26 | void udpClient_send(char* []);
      |                     ^~~~~~~~
../Core/Src/udpClientRAW.c: In function 'udpClient_send':
../Core/Src/udpClientRAW.c:88:27: warning: passing argument 2 of 'sprintf' from incompatible pointer type [-Wincompatible-pointer-types]
   88 |   int len = sprintf(data, send_msg);
      |                           ^~~~~~~~
      |                           |
      |                           char **
In file included from ../Middlewares/Third_Party/LwIP/system/arch/cc.h:37,
                 from ../Middlewares/Third_Party/LwIP/src/include/lwip/arch.h:48,
                 from ../Middlewares/Third_Party/LwIP/src/include/lwip/debug.h:40,
                 from ../Middlewares/Third_Party/LwIP/src/include/lwip/opt.h:52,
                 from ../Middlewares/Third_Party/LwIP/src/include/lwip/pbuf.h:41,
                 from ../Core/Src/udpClientRAW.c:23:
c:\st\stm32cubeide_1.7.0\stm32cubeide\plugins\com.st.stm32cube.ide.mcu.externaltools.gnu-tools-for-stm32.9-2020-q2-update.win32_2.0.0.202105311346\tools\arm-none-eabi\include\stdio.h:244:32: note: expected 'const char * restrict' but argument is of type 'char **'
  244 | int sprintf (char *__restrict, const char *__restrict, ...)
      |                                ^
../Core/Src/udpClientRAW.c: In function 'udpClient_receive_callback':
../Core/Src/udpClientRAW.c:125:22: warning: passing argument 1 of 'udpClient_send' from incompatible pointer type [-Wincompatible-pointer-types]
  125 |       udpClient_send("stmF746ZG_ready");
      |                      ^~~~~~~~~~~~~~~~~
      |                      |
      |                      char *
../Core/Src/udpClientRAW.c:82:27: note: expected 'char **' but argument is of type 'char *'
   82 | void udpClient_send(char* send_msg[])
      |                     ~~~~~~^~~~~~~~~~
../Core/Src/udpClientRAW.c:129:37: warning: passing argument 2 of 'strtok' makes pointer from integer without a cast [-Wint-conversion]
  129 |     token = strtok(received_buffer, (int)',');
      |                                     ^~~~~~~~
      |                                     |
      |                                     int
In file included from ../Core/Src/udpClientRAW.c:28:
c:\st\stm32cubeide_1.7.0\stm32cubeide\plugins\com.st.stm32cube.ide.mcu.externaltools.gnu-tools-for-stm32.9-2020-q2-update.win32_2.0.0.202105311346\tools\arm-none-eabi\include\string.h:50:8: note: expected 'const char * restrict' but argument is of type 'int'
   50 | char  *strtok (char *__restrict, const char *__restrict);
      |        ^~~~~~
../Core/Src/udpClientRAW.c:130:37: warning: passing argument 2 of 'strtok' makes pointer from integer without a cast [-Wint-conversion]
  130 |     token = strtok(received_buffer, (int)',');
      |                                     ^~~~~~~~
      |                                     |
      |                                     int
In file included from ../Core/Src/udpClientRAW.c:28:
c:\st\stm32cubeide_1.7.0\stm32cubeide\plugins\com.st.stm32cube.ide.mcu.externaltools.gnu-tools-for-stm32.9-2020-q2-update.win32_2.0.0.202105311346\tools\arm-none-eabi\include\string.h:50:8: note: expected 'const char * restrict' but argument is of type 'int'
   50 | char  *strtok (char *__restrict, const char *__restrict);
      |        ^~~~~~
arm-none-eabi-gcc -o "ETHERNET.elf" @"objects.list"   -mcpu=cortex-m7 -T"C:\Users\heyju\OneDrive - University of Tulsa\fs2021\mpdd\ECE4263-github\STM_workspace\ETHERNET\STM32F746ZGTX_FLASH.ld" --specs=nosys.specs -Wl,-Map="ETHERNET.map" -Wl,--gc-sections -static --specs=nano.specs -mfpu=fpv5-sp-d16 -mfloat-abi=hard -mthumb -Wl,--start-group -lc -lm -Wl,--end-group
Finished building target: ETHERNET.elf
 
arm-none-eabi-size   ETHERNET.elf 
arm-none-eabi-objdump -h -S  ETHERNET.elf  > "ETHERNET.list"
arm-none-eabi-objcopy  -O binary  ETHERNET.elf  "ETHERNET.bin"
   text	   data	    bss	    dec	    hex	filename
  73872	    128	  37056	 111056	  1b1d0	ETHERNET.elf
Finished building: default.size.stdout
 
Finished building: ETHERNET.bin
 
Finished building: ETHERNET.list
 
18:33:09 **** Incremental Build of configuration Debug for project ETHERNET ****
make -j16 all 
arm-none-eabi-gcc "../Core/Src/udpClientRAW.c" -mcpu=cortex-m7 -std=gnu11 -g3 -DDEBUG -DUSE_HAL_DRIVER -DSTM32F746xx -c -I../Core/Inc -I../Drivers/STM32F7xx_HAL_Driver/Inc -I../Drivers/STM32F7xx_HAL_Driver/Inc/Legacy -I../Drivers/CMSIS/Device/ST/STM32F7xx/Include -I../Drivers/CMSIS/Include -I../LWIP/App -I../LWIP/Target -I../Middlewares/Third_Party/LwIP/src/include -I../Middlewares/Third_Party/LwIP/system -I../Middlewares/Third_Party/LwIP/src/include/netif/ppp -I../Middlewares/Third_Party/LwIP/src/include/lwip -I../Middlewares/Third_Party/LwIP/src/include/lwip/apps -I../Middlewares/Third_Party/LwIP/src/include/lwip/priv -I../Middlewares/Third_Party/LwIP/src/include/lwip/prot -I../Middlewares/Third_Party/LwIP/src/include/netif -I../Middlewares/Third_Party/LwIP/src/include/compat/posix -I../Middlewares/Third_Party/LwIP/src/include/compat/posix/arpa -I../Middlewares/Third_Party/LwIP/src/include/compat/posix/net -I../Middlewares/Third_Party/LwIP/src/include/compat/posix/sys -I../Middlewares/Third_Party/LwIP/src/include/compat/stdc -I../Middlewares/Third_Party/LwIP/system/arch -O0 -ffunction-sections -fdata-sections -Wall -fstack-usage -MMD -MP -MF"Core/Src/udpClientRAW.d" -MT"Core/Src/udpClientRAW.o" --specs=nano.specs -mfpu=fpv5-sp-d16 -mfloat-abi=hard -mthumb -o "Core/Src/udpClientRAW.o"
../Core/Src/udpClientRAW.c: In function 'udpClient_connect':
../Core/Src/udpClientRAW.c:74:18: warning: passing argument 1 of 'udpClient_send' from incompatible pointer type [-Wincompatible-pointer-types]
   74 |   udpClient_send("stmF746ZG_ready");
      |                  ^~~~~~~~~~~~~~~~~
      |                  |
      |                  char *
In file included from ../Core/Src/udpClientRAW.c:30:
../Core/Src/udpClientRAW.h:26:21: note: expected 'char **' but argument is of type 'char *'
   26 | void udpClient_send(char* []);
      |                     ^~~~~~~~
../Core/Src/udpClientRAW.c: In function 'udpClient_send':
../Core/Src/udpClientRAW.c:88:27: warning: passing argument 2 of 'sprintf' from incompatible pointer type [-Wincompatible-pointer-types]
   88 |   int len = sprintf(data, send_msg);
      |                           ^~~~~~~~
      |                           |
      |                           char **
In file included from ../Middlewares/Third_Party/LwIP/system/arch/cc.h:37,
                 from ../Middlewares/Third_Party/LwIP/src/include/lwip/arch.h:48,
                 from ../Middlewares/Third_Party/LwIP/src/include/lwip/debug.h:40,
                 from ../Middlewares/Third_Party/LwIP/src/include/lwip/opt.h:52,
                 from ../Middlewares/Third_Party/LwIP/src/include/lwip/pbuf.h:41,
                 from ../Core/Src/udpClientRAW.c:23:
c:\st\stm32cubeide_1.7.0\stm32cubeide\plugins\com.st.stm32cube.ide.mcu.externaltools.gnu-tools-for-stm32.9-2020-q2-update.win32_2.0.0.202105311346\tools\arm-none-eabi\include\stdio.h:244:32: note: expected 'const char * restrict' but argument is of type 'char **'
  244 | int sprintf (char *__restrict, const char *__restrict, ...)
      |                                ^
../Core/Src/udpClientRAW.c: In function 'udpClient_receive_callback':
../Core/Src/udpClientRAW.c:125:22: warning: passing argument 1 of 'udpClient_send' from incompatible pointer type [-Wincompatible-pointer-types]
  125 |       udpClient_send("stmF746ZG_ready");
      |                      ^~~~~~~~~~~~~~~~~
      |                      |
      |                      char *
../Core/Src/udpClientRAW.c:82:27: note: expected 'char **' but argument is of type 'char *'
   82 | void udpClient_send(char* send_msg[])
      |                     ~~~~~~^~~~~~~~~~
arm-none-eabi-gcc -o "ETHERNET.elf" @"objects.list"   -mcpu=cortex-m7 -T"C:\Users\heyju\OneDrive - University of Tulsa\fs2021\mpdd\ECE4263-github\STM_workspace\ETHERNET\STM32F746ZGTX_FLASH.ld" --specs=nosys.specs -Wl,-Map="ETHERNET.map" -Wl,--gc-sections -static --specs=nano.specs -mfpu=fpv5-sp-d16 -mfloat-abi=hard -mthumb -Wl,--start-group -lc -lm -Wl,--end-group
Finished building target: ETHERNET.elf
 
arm-none-eabi-size   ETHERNET.elf 
arm-none-eabi-objdump -h -S  ETHERNET.elf  > "ETHERNET.list"
arm-none-eabi-objcopy  -O binary  ETHERNET.elf  "ETHERNET.bin"
   text	   data	    bss	    dec	    hex	filename
  73880	    128	  37056	 111064	  1b1d8	ETHERNET.elf
Finished building: default.size.stdout
 
Finished building: ETHERNET.bin
 
Finished building: ETHERNET.list
 
18:34:57 **** Incremental Build of configuration Debug for project ETHERNET ****
make -j16 all 
arm-none-eabi-gcc "../Core/Src/udpClientRAW.c" -mcpu=cortex-m7 -std=gnu11 -g3 -DDEBUG -DUSE_HAL_DRIVER -DSTM32F746xx -c -I../Core/Inc -I../Drivers/STM32F7xx_HAL_Driver/Inc -I../Drivers/STM32F7xx_HAL_Driver/Inc/Legacy -I../Drivers/CMSIS/Device/ST/STM32F7xx/Include -I../Drivers/CMSIS/Include -I../LWIP/App -I../LWIP/Target -I../Middlewares/Third_Party/LwIP/src/include -I../Middlewares/Third_Party/LwIP/system -I../Middlewares/Third_Party/LwIP/src/include/netif/ppp -I../Middlewares/Third_Party/LwIP/src/include/lwip -I../Middlewares/Third_Party/LwIP/src/include/lwip/apps -I../Middlewares/Third_Party/LwIP/src/include/lwip/priv -I../Middlewares/Third_Party/LwIP/src/include/lwip/prot -I../Middlewares/Third_Party/LwIP/src/include/netif -I../Middlewares/Third_Party/LwIP/src/include/compat/posix -I../Middlewares/Third_Party/LwIP/src/include/compat/posix/arpa -I../Middlewares/Third_Party/LwIP/src/include/compat/posix/net -I../Middlewares/Third_Party/LwIP/src/include/compat/posix/sys -I../Middlewares/Third_Party/LwIP/src/include/compat/stdc -I../Middlewares/Third_Party/LwIP/system/arch -O0 -ffunction-sections -fdata-sections -Wall -fstack-usage -MMD -MP -MF"Core/Src/udpClientRAW.d" -MT"Core/Src/udpClientRAW.o" --specs=nano.specs -mfpu=fpv5-sp-d16 -mfloat-abi=hard -mthumb -o "Core/Src/udpClientRAW.o"
../Core/Src/udpClientRAW.c: In function 'udpClient_connect':
../Core/Src/udpClientRAW.c:74:18: warning: passing argument 1 of 'udpClient_send' from incompatible pointer type [-Wincompatible-pointer-types]
   74 |   udpClient_send("stmF746ZG_ready");
      |                  ^~~~~~~~~~~~~~~~~
      |                  |
      |                  char *
In file included from ../Core/Src/udpClientRAW.c:30:
../Core/Src/udpClientRAW.h:26:21: note: expected 'char **' but argument is of type 'char *'
   26 | void udpClient_send(char* []);
      |                     ^~~~~~~~
../Core/Src/udpClientRAW.c: In function 'udpClient_send':
../Core/Src/udpClientRAW.c:88:27: warning: passing argument 2 of 'sprintf' from incompatible pointer type [-Wincompatible-pointer-types]
   88 |   int len = sprintf(data, send_msg);
      |                           ^~~~~~~~
      |                           |
      |                           char **
In file included from ../Middlewares/Third_Party/LwIP/system/arch/cc.h:37,
                 from ../Middlewares/Third_Party/LwIP/src/include/lwip/arch.h:48,
                 from ../Middlewares/Third_Party/LwIP/src/include/lwip/debug.h:40,
                 from ../Middlewares/Third_Party/LwIP/src/include/lwip/opt.h:52,
                 from ../Middlewares/Third_Party/LwIP/src/include/lwip/pbuf.h:41,
                 from ../Core/Src/udpClientRAW.c:23:
c:\st\stm32cubeide_1.7.0\stm32cubeide\plugins\com.st.stm32cube.ide.mcu.externaltools.gnu-tools-for-stm32.9-2020-q2-update.win32_2.0.0.202105311346\tools\arm-none-eabi\include\stdio.h:244:32: note: expected 'const char * restrict' but argument is of type 'char **'
  244 | int sprintf (char *__restrict, const char *__restrict, ...)
      |                                ^
../Core/Src/udpClientRAW.c: In function 'udpClient_receive_callback':
../Core/Src/udpClientRAW.c:125:22: warning: passing argument 1 of 'udpClient_send' from incompatible pointer type [-Wincompatible-pointer-types]
  125 |       udpClient_send("stmF746ZG_ready");
      |                      ^~~~~~~~~~~~~~~~~
      |                      |
      |                      char *
../Core/Src/udpClientRAW.c:82:27: note: expected 'char **' but argument is of type 'char *'
   82 | void udpClient_send(char* send_msg[])
      |                     ~~~~~~^~~~~~~~~~
arm-none-eabi-gcc -o "ETHERNET.elf" @"objects.list"   -mcpu=cortex-m7 -T"C:\Users\heyju\OneDrive - University of Tulsa\fs2021\mpdd\ECE4263-github\STM_workspace\ETHERNET\STM32F746ZGTX_FLASH.ld" --specs=nosys.specs -Wl,-Map="ETHERNET.map" -Wl,--gc-sections -static --specs=nano.specs -mfpu=fpv5-sp-d16 -mfloat-abi=hard -mthumb -Wl,--start-group -lc -lm -Wl,--end-group
Finished building target: ETHERNET.elf
 
arm-none-eabi-size   ETHERNET.elf 
arm-none-eabi-objdump -h -S  ETHERNET.elf  > "ETHERNET.list"
arm-none-eabi-objcopy  -O binary  ETHERNET.elf  "ETHERNET.bin"
   text	   data	    bss	    dec	    hex	filename
  73876	    128	  37056	 111060	  1b1d4	ETHERNET.elf
Finished building: default.size.stdout
 
Finished building: ETHERNET.bin
 
Finished building: ETHERNET.list
 
18:38:29 **** Incremental Build of configuration Debug for project ETHERNET ****
make -j16 all 
arm-none-eabi-size   ETHERNET.elf 
   text	   data	    bss	    dec	    hex	filename
  73876	    128	  37056	 111060	  1b1d4	ETHERNET.elf
Finished building: default.size.stdout
 
