18:00:09 **** Incremental Build of configuration Debug for project ETHERNET ****
make -j16 all 
arm-none-eabi-gcc "../Core/Src/udpClientRAW.c" -mcpu=cortex-m7 -std=gnu11 -g3 -DDEBUG -DUSE_HAL_DRIVER -DSTM32F746xx -c -I../Core/Inc -I../Drivers/STM32F7xx_HAL_Driver/Inc -I../Drivers/STM32F7xx_HAL_Driver/Inc/Legacy -I../Drivers/CMSIS/Device/ST/STM32F7xx/Include -I../Drivers/CMSIS/Include -I../LWIP/App -I../LWIP/Target -I../Middlewares/Third_Party/LwIP/src/include -I../Middlewares/Third_Party/LwIP/system -I../Middlewares/Third_Party/LwIP/src/include/netif/ppp -I../Middlewares/Third_Party/LwIP/src/include/lwip -I../Middlewares/Third_Party/LwIP/src/include/lwip/apps -I../Middlewares/Third_Party/LwIP/src/include/lwip/priv -I../Middlewares/Third_Party/LwIP/src/include/lwip/prot -I../Middlewares/Third_Party/LwIP/src/include/netif -I../Middlewares/Third_Party/LwIP/src/include/compat/posix -I../Middlewares/Third_Party/LwIP/src/include/compat/posix/arpa -I../Middlewares/Third_Party/LwIP/src/include/compat/posix/net -I../Middlewares/Third_Party/LwIP/src/include/compat/posix/sys -I../Middlewares/Third_Party/LwIP/src/include/compat/stdc -I../Middlewares/Third_Party/LwIP/system/arch -O0 -ffunction-sections -fdata-sections -Wall -fstack-usage -MMD -MP -MF"Core/Src/udpClientRAW.d" -MT"Core/Src/udpClientRAW.o" --specs=nano.specs -mfpu=fpv5-sp-d16 -mfloat-abi=hard -mthumb -o "Core/Src/udpClientRAW.o"
arm-none-eabi-gcc -o "ETHERNET.elf" @"objects.list"   -mcpu=cortex-m7 -T"C:\Users\heyju\OneDrive - University of Tulsa\fs2021\mpdd\ECE4263-github\STM_workspace\ETHERNET\STM32F746ZGTX_FLASH.ld" --specs=nosys.specs -Wl,-Map="ETHERNET.map" -Wl,--gc-sections -static --specs=nano.specs -mfpu=fpv5-sp-d16 -mfloat-abi=hard -mthumb -Wl,--start-group -lc -lm -Wl,--end-group
Finished building target: ETHERNET.elf
 
arm-none-eabi-size   ETHERNET.elf 
arm-none-eabi-objdump -h -S  ETHERNET.elf  > "ETHERNET.list"
arm-none-eabi-objcopy  -O binary  ETHERNET.elf  "ETHERNET.bin"
   text	   data	    bss	    dec	    hex	filename
  74208	    128	  37128	 111464	  1b368	ETHERNET.elf
Finished building: default.size.stdout
 
Finished building: ETHERNET.bin
 
Finished building: ETHERNET.list
 
18:00:15 **** Incremental Build of configuration Debug for project ETHERNET ****
make -j16 all 
arm-none-eabi-size   ETHERNET.elf 
   text	   data	    bss	    dec	    hex	filename
  74208	    128	  37128	 111464	  1b368	ETHERNET.elf
Finished building: default.size.stdout
 
