18:22:07 **** Incremental Build of configuration Debug for project project1 ****
make -j7 all 
arm-none-eabi-gcc "../Core/Src/4263_MPU6050.c" -mcpu=cortex-m7 -std=gnu11 -g3 -DDEBUG -DUSE_HAL_DRIVER -DSTM32F746xx -c -I../Core/Inc -I../Drivers/STM32F7xx_HAL_Driver/Inc -I../Drivers/STM32F7xx_HAL_Driver/Inc/Legacy -I../Drivers/CMSIS/Device/ST/STM32F7xx/Include -I../Drivers/CMSIS/Include -O0 -ffunction-sections -fdata-sections -Wall -fstack-usage -MMD -MP -MF"Core/Src/4263_MPU6050.d" -MT"Core/Src/4263_MPU6050.o" --specs=nano.specs -mfpu=fpv5-sp-d16 -mfloat-abi=hard -mthumb -o "Core/Src/4263_MPU6050.o"
arm-none-eabi-g++ -o "project1.elf" @"objects.list"   -mcpu=cortex-m7 -T"/Users/judeurban/OneDrive - University of Tulsa/fs2021/mpdd/ECE4263-github/STM_workspace/project1/STM32F746ZGTX_FLASH.ld" --specs=nosys.specs -Wl,-Map="project1.map" -Wl,--gc-sections -static --specs=nano.specs -mfpu=fpv5-sp-d16 -mfloat-abi=hard -mthumb -Wl,--start-group -lc -lm -lstdc++ -lsupc++ -Wl,--end-group
Finished building target: project1.elf
 
arm-none-eabi-size   project1.elf 
arm-none-eabi-objdump -h -S  project1.elf  > "project1.list"
arm-none-eabi-objcopy  -O binary  project1.elf  "project1.bin"
   text	   data	    bss	    dec	    hex	filename
  29656	    120	   1848	  31624	   7b88	project1.elf
Finished building: default.size.stdout
 
Finished building: project1.bin
 
Finished building: project1.list
 
