18:29:36 **** Incremental Build of configuration Debug for project ETHERNET ****
make -j16 all 
arm-none-eabi-gcc "../Core/Src/udpClientRAW.c" -mcpu=cortex-m7 -std=gnu11 -g3 -DDEBUG -DUSE_HAL_DRIVER -DSTM32F746xx -c -I../Core/Inc -I../Drivers/STM32F7xx_HAL_Driver/Inc -I../Drivers/STM32F7xx_HAL_Driver/Inc/Legacy -I../Drivers/CMSIS/Device/ST/STM32F7xx/Include -I../Drivers/CMSIS/Include -I../LWIP/App -I../LWIP/Target -I../Middlewares/Third_Party/LwIP/src/include -I../Middlewares/Third_Party/LwIP/system -I../Middlewares/Third_Party/LwIP/src/include/netif/ppp -I../Middlewares/Third_Party/LwIP/src/include/lwip -I../Middlewares/Third_Party/LwIP/src/include/lwip/apps -I../Middlewares/Third_Party/LwIP/src/include/lwip/priv -I../Middlewares/Third_Party/LwIP/src/include/lwip/prot -I../Middlewares/Third_Party/LwIP/src/include/netif -I../Middlewares/Third_Party/LwIP/src/include/compat/posix -I../Middlewares/Third_Party/LwIP/src/include/compat/posix/arpa -I../Middlewares/Third_Party/LwIP/src/include/compat/posix/net -I../Middlewares/Third_Party/LwIP/src/include/compat/posix/sys -I../Middlewares/Third_Party/LwIP/src/include/compat/stdc -I../Middlewares/Third_Party/LwIP/system/arch -O0 -ffunction-sections -fdata-sections -Wall -fstack-usage -MMD -MP -MF"Core/Src/udpClientRAW.d" -MT"Core/Src/udpClientRAW.o" --specs=nano.specs -mfpu=fpv5-sp-d16 -mfloat-abi=hard -mthumb -o "Core/Src/udpClientRAW.o"
../Core/Src/udpClientRAW.c: In function 'udpClient_connect':
../Core/Src/udpClientRAW.c:74:18: warning: passing argument 1 of 'udpClient_send' from incompatible pointer type [-Wincompatible-pointer-types]
   74 |   udpClient_send("stmF746ZG_ready");
      |                  ^~~~~~~~~~~~~~~~~
      |                  |
      |                  char *
In file included from ../Core/Src/udpClientRAW.c:30:
../Core/Src/udpClientRAW.h:26:21: note: expected 'char **' but argument is of type 'char *'
   26 | void udpClient_send(char* []);
      |                     ^~~~~~~~
../Core/Src/udpClientRAW.c: In function 'udpClient_send':
../Core/Src/udpClientRAW.c:88:27: warning: passing argument 2 of 'sprintf' from incompatible pointer type [-Wincompatible-pointer-types]
   88 |   int len = sprintf(data, send_msg);
      |                           ^~~~~~~~
      |                           |
      |                           char **
In file included from ../Middlewares/Third_Party/LwIP/system/arch/cc.h:37,
                 from ../Middlewares/Third_Party/LwIP/src/include/lwip/arch.h:48,
                 from ../Middlewares/Third_Party/LwIP/src/include/lwip/debug.h:40,
                 from ../Middlewares/Third_Party/LwIP/src/include/lwip/opt.h:52,
                 from ../Middlewares/Third_Party/LwIP/src/include/lwip/pbuf.h:41,
                 from ../Core/Src/udpClientRAW.c:23:
c:\st\stm32cubeide_1.7.0\stm32cubeide\plugins\com.st.stm32cube.ide.mcu.externaltools.gnu-tools-for-stm32.9-2020-q2-update.win32_2.0.0.202105311346\tools\arm-none-eabi\include\stdio.h:244:32: note: expected 'const char * restrict' but argument is of type 'char **'
  244 | int sprintf (char *__restrict, const char *__restrict, ...)
      |                                ^
../Core/Src/udpClientRAW.c: In function 'udpClient_receive_callback':
../Core/Src/udpClientRAW.c:125:22: warning: passing argument 1 of 'udpClient_send' from incompatible pointer type [-Wincompatible-pointer-types]
  125 |       udpClient_send("stmF746ZG_ready");
      |                      ^~~~~~~~~~~~~~~~~
      |                      |
      |                      char *
../Core/Src/udpClientRAW.c:82:27: note: expected 'char **' but argument is of type 'char *'
   82 | void udpClient_send(char* send_msg[])
      |                     ~~~~~~^~~~~~~~~~
../Core/Src/udpClientRAW.c:129:37: warning: passing argument 2 of 'strtok' makes pointer from integer without a cast [-Wint-conversion]
  129 |     token = strtok(received_buffer, (int)',');
      |                                     ^~~~~~~~
      |                                     |
      |                                     int
In file included from ../Core/Src/udpClientRAW.c:28:
c:\st\stm32cubeide_1.7.0\stm32cubeide\plugins\com.st.stm32cube.ide.mcu.externaltools.gnu-tools-for-stm32.9-2020-q2-update.win32_2.0.0.202105311346\tools\arm-none-eabi\include\string.h:50:8: note: expected 'const char * restrict' but argument is of type 'int'
   50 | char  *strtok (char *__restrict, const char *__restrict);
      |        ^~~~~~
arm-none-eabi-gcc -o "ETHERNET.elf" @"objects.list"   -mcpu=cortex-m7 -T"C:\Users\heyju\OneDrive - University of Tulsa\fs2021\mpdd\ECE4263-github\STM_workspace\ETHERNET\STM32F746ZGTX_FLASH.ld" --specs=nosys.specs -Wl,-Map="ETHERNET.map" -Wl,--gc-sections -static --specs=nano.specs -mfpu=fpv5-sp-d16 -mfloat-abi=hard -mthumb -Wl,--start-group -lc -lm -Wl,--end-group
Finished building target: ETHERNET.elf
 
arm-none-eabi-size   ETHERNET.elf 
arm-none-eabi-objdump -h -S  ETHERNET.elf  > "ETHERNET.list"
arm-none-eabi-objcopy  -O binary  ETHERNET.elf  "ETHERNET.bin"
   text	   data	    bss	    dec	    hex	filename
  73860	    128	  37056	 111044	  1b1c4	ETHERNET.elf
Finished building: default.size.stdout
 
Finished building: ETHERNET.bin
 
Finished building: ETHERNET.list
 
18:30:02 **** Incremental Build of configuration Debug for project ETHERNET ****
make -j16 all 
arm-none-eabi-gcc "../Core/Src/udpClientRAW.c" -mcpu=cortex-m7 -std=gnu11 -g3 -DDEBUG -DUSE_HAL_DRIVER -DSTM32F746xx -c -I../Core/Inc -I../Drivers/STM32F7xx_HAL_Driver/Inc -I../Drivers/STM32F7xx_HAL_Driver/Inc/Legacy -I../Drivers/CMSIS/Device/ST/STM32F7xx/Include -I../Drivers/CMSIS/Include -I../LWIP/App -I../LWIP/Target -I../Middlewares/Third_Party/LwIP/src/include -I../Middlewares/Third_Party/LwIP/system -I../Middlewares/Third_Party/LwIP/src/include/netif/ppp -I../Middlewares/Third_Party/LwIP/src/include/lwip -I../Middlewares/Third_Party/LwIP/src/include/lwip/apps -I../Middlewares/Third_Party/LwIP/src/include/lwip/priv -I../Middlewares/Third_Party/LwIP/src/include/lwip/prot -I../Middlewares/Third_Party/LwIP/src/include/netif -I../Middlewares/Third_Party/LwIP/src/include/compat/posix -I../Middlewares/Third_Party/LwIP/src/include/compat/posix/arpa -I../Middlewares/Third_Party/LwIP/src/include/compat/posix/net -I../Middlewares/Third_Party/LwIP/src/include/compat/posix/sys -I../Middlewares/Third_Party/LwIP/src/include/compat/stdc -I../Middlewares/Third_Party/LwIP/system/arch -O0 -ffunction-sections -fdata-sections -Wall -fstack-usage -MMD -MP -MF"Core/Src/udpClientRAW.d" -MT"Core/Src/udpClientRAW.o" --specs=nano.specs -mfpu=fpv5-sp-d16 -mfloat-abi=hard -mthumb -o "Core/Src/udpClientRAW.o"
../Core/Src/udpClientRAW.c: In function 'udpClient_connect':
../Core/Src/udpClientRAW.c:74:18: warning: passing argument 1 of 'udpClient_send' from incompatible pointer type [-Wincompatible-pointer-types]
   74 |   udpClient_send("stmF746ZG_ready");
      |                  ^~~~~~~~~~~~~~~~~
      |                  |
      |                  char *
In file included from ../Core/Src/udpClientRAW.c:30:
../Core/Src/udpClientRAW.h:26:21: note: expected 'char **' but argument is of type 'char *'
   26 | void udpClient_send(char* []);
      |                     ^~~~~~~~
../Core/Src/udpClientRAW.c: In function 'udpClient_send':
../Core/Src/udpClientRAW.c:88:27: warning: passing argument 2 of 'sprintf' from incompatible pointer type [-Wincompatible-pointer-types]
   88 |   int len = sprintf(data, send_msg);
      |                           ^~~~~~~~
      |                           |
      |                           char **
In file included from ../Middlewares/Third_Party/LwIP/system/arch/cc.h:37,
                 from ../Middlewares/Third_Party/LwIP/src/include/lwip/arch.h:48,
                 from ../Middlewares/Third_Party/LwIP/src/include/lwip/debug.h:40,
                 from ../Middlewares/Third_Party/LwIP/src/include/lwip/opt.h:52,
                 from ../Middlewares/Third_Party/LwIP/src/include/lwip/pbuf.h:41,
                 from ../Core/Src/udpClientRAW.c:23:
c:\st\stm32cubeide_1.7.0\stm32cubeide\plugins\com.st.stm32cube.ide.mcu.externaltools.gnu-tools-for-stm32.9-2020-q2-update.win32_2.0.0.202105311346\tools\arm-none-eabi\include\stdio.h:244:32: note: expected 'const char * restrict' but argument is of type 'char **'
  244 | int sprintf (char *__restrict, const char *__restrict, ...)
      |                                ^
../Core/Src/udpClientRAW.c: In function 'udpClient_receive_callback':
../Core/Src/udpClientRAW.c:125:22: warning: passing argument 1 of 'udpClient_send' from incompatible pointer type [-Wincompatible-pointer-types]
  125 |       udpClient_send("stmF746ZG_ready");
      |                      ^~~~~~~~~~~~~~~~~
      |                      |
      |                      char *
../Core/Src/udpClientRAW.c:82:27: note: expected 'char **' but argument is of type 'char *'
   82 | void udpClient_send(char* send_msg[])
      |                     ~~~~~~^~~~~~~~~~
../Core/Src/udpClientRAW.c:129:37: warning: passing argument 2 of 'strtok' makes pointer from integer without a cast [-Wint-conversion]
  129 |     token = strtok(received_buffer, (int)',');
      |                                     ^~~~~~~~
      |                                     |
      |                                     int
In file included from ../Core/Src/udpClientRAW.c:28:
c:\st\stm32cubeide_1.7.0\stm32cubeide\plugins\com.st.stm32cube.ide.mcu.externaltools.gnu-tools-for-stm32.9-2020-q2-update.win32_2.0.0.202105311346\tools\arm-none-eabi\include\string.h:50:8: note: expected 'const char * restrict' but argument is of type 'int'
   50 | char  *strtok (char *__restrict, const char *__restrict);
      |        ^~~~~~
../Core/Src/udpClientRAW.c:130:37: warning: passing argument 2 of 'strtok' makes pointer from integer without a cast [-Wint-conversion]
  130 |     token = strtok(received_buffer, (int)',');
      |                                     ^~~~~~~~
      |                                     |
      |                                     int
In file included from ../Core/Src/udpClientRAW.c:28:
c:\st\stm32cubeide_1.7.0\stm32cubeide\plugins\com.st.stm32cube.ide.mcu.externaltools.gnu-tools-for-stm32.9-2020-q2-update.win32_2.0.0.202105311346\tools\arm-none-eabi\include\string.h:50:8: note: expected 'const char * restrict' but argument is of type 'int'
   50 | char  *strtok (char *__restrict, const char *__restrict);
      |        ^~~~~~
arm-none-eabi-gcc -o "ETHERNET.elf" @"objects.list"   -mcpu=cortex-m7 -T"C:\Users\heyju\OneDrive - University of Tulsa\fs2021\mpdd\ECE4263-github\STM_workspace\ETHERNET\STM32F746ZGTX_FLASH.ld" --specs=nosys.specs -Wl,-Map="ETHERNET.map" -Wl,--gc-sections -static --specs=nano.specs -mfpu=fpv5-sp-d16 -mfloat-abi=hard -mthumb -Wl,--start-group -lc -lm -Wl,--end-group
Finished building target: ETHERNET.elf
 
arm-none-eabi-size   ETHERNET.elf 
arm-none-eabi-objdump -h -S  ETHERNET.elf  > "ETHERNET.list"
arm-none-eabi-objcopy  -O binary  ETHERNET.elf  "ETHERNET.bin"
   text	   data	    bss	    dec	    hex	filename
  73872	    128	  37056	 111056	  1b1d0	ETHERNET.elf
Finished building: default.size.stdout
 
Finished building: ETHERNET.bin
 
Finished building: ETHERNET.list
 
18:33:09 **** Incremental Build of configuration Debug for project ETHERNET ****
make -j16 all 
arm-none-eabi-gcc "../Core/Src/udpClientRAW.c" -mcpu=cortex-m7 -std=gnu11 -g3 -DDEBUG -DUSE_HAL_DRIVER -DSTM32F746xx -c -I../Core/Inc -I../Drivers/STM32F7xx_HAL_Driver/Inc -I../Drivers/STM32F7xx_HAL_Driver/Inc/Legacy -I../Drivers/CMSIS/Device/ST/STM32F7xx/Include -I../Drivers/CMSIS/Include -I../LWIP/App -I../LWIP/Target -I../Middlewares/Third_Party/LwIP/src/include -I../Middlewares/Third_Party/LwIP/system -I../Middlewares/Third_Party/LwIP/src/include/netif/ppp -I../Middlewares/Third_Party/LwIP/src/include/lwip -I../Middlewares/Third_Party/LwIP/src/include/lwip/apps -I../Middlewares/Third_Party/LwIP/src/include/lwip/priv -I../Middlewares/Third_Party/LwIP/src/include/lwip/prot -I../Middlewares/Third_Party/LwIP/src/include/netif -I../Middlewares/Third_Party/LwIP/src/include/compat/posix -I../Middlewares/Third_Party/LwIP/src/include/compat/posix/arpa -I../Middlewares/Third_Party/LwIP/src/include/compat/posix/net -I../Middlewares/Third_Party/LwIP/src/include/compat/posix/sys -I../Middlewares/Third_Party/LwIP/src/include/compat/stdc -I../Middlewares/Third_Party/LwIP/system/arch -O0 -ffunction-sections -fdata-sections -Wall -fstack-usage -MMD -MP -MF"Core/Src/udpClientRAW.d" -MT"Core/Src/udpClientRAW.o" --specs=nano.specs -mfpu=fpv5-sp-d16 -mfloat-abi=hard -mthumb -o "Core/Src/udpClientRAW.o"
../Core/Src/udpClientRAW.c: In function 'udpClient_connect':
../Core/Src/udpClientRAW.c:74:18: warning: passing argument 1 of 'udpClient_send' from incompatible pointer type [-Wincompatible-pointer-types]
   74 |   udpClient_send("stmF746ZG_ready");
      |                  ^~~~~~~~~~~~~~~~~
      |                  |
      |                  char *
In file included from ../Core/Src/udpClientRAW.c:30:
../Core/Src/udpClientRAW.h:26:21: note: expected 'char **' but argument is of type 'char *'
   26 | void udpClient_send(char* []);
      |                     ^~~~~~~~
../Core/Src/udpClientRAW.c: In function 'udpClient_send':
../Core/Src/udpClientRAW.c:88:27: warning: passing argument 2 of 'sprintf' from incompatible pointer type [-Wincompatible-pointer-types]
   88 |   int len = sprintf(data, send_msg);
      |                           ^~~~~~~~
      |                           |
      |                           char **
In file included from ../Middlewares/Third_Party/LwIP/system/arch/cc.h:37,
                 from ../Middlewares/Third_Party/LwIP/src/include/lwip/arch.h:48,
                 from ../Middlewares/Third_Party/LwIP/src/include/lwip/debug.h:40,
                 from ../Middlewares/Third_Party/LwIP/src/include/lwip/opt.h:52,
                 from ../Middlewares/Third_Party/LwIP/src/include/lwip/pbuf.h:41,
                 from ../Core/Src/udpClientRAW.c:23:
c:\st\stm32cubeide_1.7.0\stm32cubeide\plugins\com.st.stm32cube.ide.mcu.externaltools.gnu-tools-for-stm32.9-2020-q2-update.win32_2.0.0.202105311346\tools\arm-none-eabi\include\stdio.h:244:32: note: expected 'const char * restrict' but argument is of type 'char **'
  244 | int sprintf (char *__restrict, const char *__restrict, ...)
      |                                ^
../Core/Src/udpClientRAW.c: In function 'udpClient_receive_callback':
../Core/Src/udpClientRAW.c:125:22: warning: passing argument 1 of 'udpClient_send' from incompatible pointer type [-Wincompatible-pointer-types]
  125 |       udpClient_send("stmF746ZG_ready");
      |                      ^~~~~~~~~~~~~~~~~
      |                      |
      |                      char *
../Core/Src/udpClientRAW.c:82:27: note: expected 'char **' but argument is of type 'char *'
   82 | void udpClient_send(char* send_msg[])
      |                     ~~~~~~^~~~~~~~~~
arm-none-eabi-gcc -o "ETHERNET.elf" @"objects.list"   -mcpu=cortex-m7 -T"C:\Users\heyju\OneDrive - University of Tulsa\fs2021\mpdd\ECE4263-github\STM_workspace\ETHERNET\STM32F746ZGTX_FLASH.ld" --specs=nosys.specs -Wl,-Map="ETHERNET.map" -Wl,--gc-sections -static --specs=nano.specs -mfpu=fpv5-sp-d16 -mfloat-abi=hard -mthumb -Wl,--start-group -lc -lm -Wl,--end-group
Finished building target: ETHERNET.elf
 
arm-none-eabi-size   ETHERNET.elf 
arm-none-eabi-objdump -h -S  ETHERNET.elf  > "ETHERNET.list"
arm-none-eabi-objcopy  -O binary  ETHERNET.elf  "ETHERNET.bin"
   text	   data	    bss	    dec	    hex	filename
  73880	    128	  37056	 111064	  1b1d8	ETHERNET.elf
Finished building: default.size.stdout
 
Finished building: ETHERNET.bin
 
Finished building: ETHERNET.list
 
18:34:57 **** Incremental Build of configuration Debug for project ETHERNET ****
make -j16 all 
arm-none-eabi-gcc "../Core/Src/udpClientRAW.c" -mcpu=cortex-m7 -std=gnu11 -g3 -DDEBUG -DUSE_HAL_DRIVER -DSTM32F746xx -c -I../Core/Inc -I../Drivers/STM32F7xx_HAL_Driver/Inc -I../Drivers/STM32F7xx_HAL_Driver/Inc/Legacy -I../Drivers/CMSIS/Device/ST/STM32F7xx/Include -I../Drivers/CMSIS/Include -I../LWIP/App -I../LWIP/Target -I../Middlewares/Third_Party/LwIP/src/include -I../Middlewares/Third_Party/LwIP/system -I../Middlewares/Third_Party/LwIP/src/include/netif/ppp -I../Middlewares/Third_Party/LwIP/src/include/lwip -I../Middlewares/Third_Party/LwIP/src/include/lwip/apps -I../Middlewares/Third_Party/LwIP/src/include/lwip/priv -I../Middlewares/Third_Party/LwIP/src/include/lwip/prot -I../Middlewares/Third_Party/LwIP/src/include/netif -I../Middlewares/Third_Party/LwIP/src/include/compat/posix -I../Middlewares/Third_Party/LwIP/src/include/compat/posix/arpa -I../Middlewares/Third_Party/LwIP/src/include/compat/posix/net -I../Middlewares/Third_Party/LwIP/src/include/compat/posix/sys -I../Middlewares/Third_Party/LwIP/src/include/compat/stdc -I../Middlewares/Third_Party/LwIP/system/arch -O0 -ffunction-sections -fdata-sections -Wall -fstack-usage -MMD -MP -MF"Core/Src/udpClientRAW.d" -MT"Core/Src/udpClientRAW.o" --specs=nano.specs -mfpu=fpv5-sp-d16 -mfloat-abi=hard -mthumb -o "Core/Src/udpClientRAW.o"
../Core/Src/udpClientRAW.c: In function 'udpClient_connect':
../Core/Src/udpClientRAW.c:74:18: warning: passing argument 1 of 'udpClient_send' from incompatible pointer type [-Wincompatible-pointer-types]
   74 |   udpClient_send("stmF746ZG_ready");
      |                  ^~~~~~~~~~~~~~~~~
      |                  |
      |                  char *
In file included from ../Core/Src/udpClientRAW.c:30:
../Core/Src/udpClientRAW.h:26:21: note: expected 'char **' but argument is of type 'char *'
   26 | void udpClient_send(char* []);
      |                     ^~~~~~~~
../Core/Src/udpClientRAW.c: In function 'udpClient_send':
../Core/Src/udpClientRAW.c:88:27: warning: passing argument 2 of 'sprintf' from incompatible pointer type [-Wincompatible-pointer-types]
   88 |   int len = sprintf(data, send_msg);
      |                           ^~~~~~~~
      |                           |
      |                           char **
In file included from ../Middlewares/Third_Party/LwIP/system/arch/cc.h:37,
                 from ../Middlewares/Third_Party/LwIP/src/include/lwip/arch.h:48,
                 from ../Middlewares/Third_Party/LwIP/src/include/lwip/debug.h:40,
                 from ../Middlewares/Third_Party/LwIP/src/include/lwip/opt.h:52,
                 from ../Middlewares/Third_Party/LwIP/src/include/lwip/pbuf.h:41,
                 from ../Core/Src/udpClientRAW.c:23:
c:\st\stm32cubeide_1.7.0\stm32cubeide\plugins\com.st.stm32cube.ide.mcu.externaltools.gnu-tools-for-stm32.9-2020-q2-update.win32_2.0.0.202105311346\tools\arm-none-eabi\include\stdio.h:244:32: note: expected 'const char * restrict' but argument is of type 'char **'
  244 | int sprintf (char *__restrict, const char *__restrict, ...)
      |                                ^
../Core/Src/udpClientRAW.c: In function 'udpClient_receive_callback':
../Core/Src/udpClientRAW.c:125:22: warning: passing argument 1 of 'udpClient_send' from incompatible pointer type [-Wincompatible-pointer-types]
  125 |       udpClient_send("stmF746ZG_ready");
      |                      ^~~~~~~~~~~~~~~~~
      |                      |
      |                      char *
../Core/Src/udpClientRAW.c:82:27: note: expected 'char **' but argument is of type 'char *'
   82 | void udpClient_send(char* send_msg[])
      |                     ~~~~~~^~~~~~~~~~
arm-none-eabi-gcc -o "ETHERNET.elf" @"objects.list"   -mcpu=cortex-m7 -T"C:\Users\heyju\OneDrive - University of Tulsa\fs2021\mpdd\ECE4263-github\STM_workspace\ETHERNET\STM32F746ZGTX_FLASH.ld" --specs=nosys.specs -Wl,-Map="ETHERNET.map" -Wl,--gc-sections -static --specs=nano.specs -mfpu=fpv5-sp-d16 -mfloat-abi=hard -mthumb -Wl,--start-group -lc -lm -Wl,--end-group
Finished building target: ETHERNET.elf
 
arm-none-eabi-size   ETHERNET.elf 
arm-none-eabi-objdump -h -S  ETHERNET.elf  > "ETHERNET.list"
arm-none-eabi-objcopy  -O binary  ETHERNET.elf  "ETHERNET.bin"
   text	   data	    bss	    dec	    hex	filename
  73876	    128	  37056	 111060	  1b1d4	ETHERNET.elf
Finished building: default.size.stdout
 
Finished building: ETHERNET.bin
 
Finished building: ETHERNET.list
 
18:38:29 **** Incremental Build of configuration Debug for project ETHERNET ****
make -j16 all 
arm-none-eabi-size   ETHERNET.elf 
   text	   data	    bss	    dec	    hex	filename
  73876	    128	  37056	 111060	  1b1d4	ETHERNET.elf
Finished building: default.size.stdout
 
18:41:13 **** Incremental Build of configuration Debug for project ETHERNET ****
make -j16 all 
arm-none-eabi-size   ETHERNET.elf 
   text	   data	    bss	    dec	    hex	filename
  73876	    128	  37056	 111060	  1b1d4	ETHERNET.elf
Finished building: default.size.stdout
 
12:43:38 **** Incremental Build of configuration Debug for project ETHERNET ****
make -j16 all 
arm-none-eabi-gcc "../Middlewares/Third_Party/LwIP/src/netif/ppp/auth.c" -mcpu=cortex-m7 -std=gnu11 -g3 -DDEBUG -DUSE_HAL_DRIVER -DSTM32F746xx -c -I../Core/Inc -I../Drivers/STM32F7xx_HAL_Driver/Inc -I../Drivers/STM32F7xx_HAL_Driver/Inc/Legacy -I../Drivers/CMSIS/Device/ST/STM32F7xx/Include -I../Drivers/CMSIS/Include -I../LWIP/App -I../LWIP/Target -I../Middlewares/Third_Party/LwIP/src/include -I../Middlewares/Third_Party/LwIP/system -I../Middlewares/Third_Party/LwIP/src/include/netif/ppp -I../Middlewares/Third_Party/LwIP/src/include/lwip -I../Middlewares/Third_Party/LwIP/src/include/lwip/apps -I../Middlewares/Third_Party/LwIP/src/include/lwip/priv -I../Middlewares/Third_Party/LwIP/src/include/lwip/prot -I../Middlewares/Third_Party/LwIP/src/include/netif -I../Middlewares/Third_Party/LwIP/src/include/compat/posix -I../Middlewares/Third_Party/LwIP/src/include/compat/posix/arpa -I../Middlewares/Third_Party/LwIP/src/include/compat/posix/net -I../Middlewares/Third_Party/LwIP/src/include/compat/posix/sys -I../Middlewares/Third_Party/LwIP/src/include/compat/stdc -I../Middlewares/Third_Party/LwIP/system/arch -O0 -ffunction-sections -fdata-sections -Wall -fstack-usage -MMD -MP -MF"Middlewares/Third_Party/LwIP/src/netif/ppp/auth.d" -MT"Middlewares/Third_Party/LwIP/src/netif/ppp/auth.o" --specs=nano.specs -mfpu=fpv5-sp-d16 -mfloat-abi=hard -mthumb -o "Middlewares/Third_Party/LwIP/src/netif/ppp/auth.o"
arm-none-eabi-gcc "../Middlewares/Third_Party/LwIP/src/netif/ppp/ccp.c" -mcpu=cortex-m7 -std=gnu11 -g3 -DDEBUG -DUSE_HAL_DRIVER -DSTM32F746xx -c -I../Core/Inc -I../Drivers/STM32F7xx_HAL_Driver/Inc -I../Drivers/STM32F7xx_HAL_Driver/Inc/Legacy -I../Drivers/CMSIS/Device/ST/STM32F7xx/Include -I../Drivers/CMSIS/Include -I../LWIP/App -I../LWIP/Target -I../Middlewares/Third_Party/LwIP/src/include -I../Middlewares/Third_Party/LwIP/system -I../Middlewares/Third_Party/LwIP/src/include/netif/ppp -I../Middlewares/Third_Party/LwIP/src/include/lwip -I../Middlewares/Third_Party/LwIP/src/include/lwip/apps -I../Middlewares/Third_Party/LwIP/src/include/lwip/priv -I../Middlewares/Third_Party/LwIP/src/include/lwip/prot -I../Middlewares/Third_Party/LwIP/src/include/netif -I../Middlewares/Third_Party/LwIP/src/include/compat/posix -I../Middlewares/Third_Party/LwIP/src/include/compat/posix/arpa -I../Middlewares/Third_Party/LwIP/src/include/compat/posix/net -I../Middlewares/Third_Party/LwIP/src/include/compat/posix/sys -I../Middlewares/Third_Party/LwIP/src/include/compat/stdc -I../Middlewares/Third_Party/LwIP/system/arch -O0 -ffunction-sections -fdata-sections -Wall -fstack-usage -MMD -MP -MF"Middlewares/Third_Party/LwIP/src/netif/ppp/ccp.d" -MT"Middlewares/Third_Party/LwIP/src/netif/ppp/ccp.o" --specs=nano.specs -mfpu=fpv5-sp-d16 -mfloat-abi=hard -mthumb -o "Middlewares/Third_Party/LwIP/src/netif/ppp/ccp.o"
arm-none-eabi-gcc "../Middlewares/Third_Party/LwIP/src/netif/ppp/chap-md5.c" -mcpu=cortex-m7 -std=gnu11 -g3 -DDEBUG -DUSE_HAL_DRIVER -DSTM32F746xx -c -I../Core/Inc -I../Drivers/STM32F7xx_HAL_Driver/Inc -I../Drivers/STM32F7xx_HAL_Driver/Inc/Legacy -I../Drivers/CMSIS/Device/ST/STM32F7xx/Include -I../Drivers/CMSIS/Include -I../LWIP/App -I../LWIP/Target -I../Middlewares/Third_Party/LwIP/src/include -I../Middlewares/Third_Party/LwIP/system -I../Middlewares/Third_Party/LwIP/src/include/netif/ppp -I../Middlewares/Third_Party/LwIP/src/include/lwip -I../Middlewares/Third_Party/LwIP/src/include/lwip/apps -I../Middlewares/Third_Party/LwIP/src/include/lwip/priv -I../Middlewares/Third_Party/LwIP/src/include/lwip/prot -I../Middlewares/Third_Party/LwIP/src/include/netif -I../Middlewares/Third_Party/LwIP/src/include/compat/posix -I../Middlewares/Third_Party/LwIP/src/include/compat/posix/arpa -I../Middlewares/Third_Party/LwIP/src/include/compat/posix/net -I../Middlewares/Third_Party/LwIP/src/include/compat/posix/sys -I../Middlewares/Third_Party/LwIP/src/include/compat/stdc -I../Middlewares/Third_Party/LwIP/system/arch -O0 -ffunction-sections -fdata-sections -Wall -fstack-usage -MMD -MP -MF"Middlewares/Third_Party/LwIP/src/netif/ppp/chap-md5.d" -MT"Middlewares/Third_Party/LwIP/src/netif/ppp/chap-md5.o" --specs=nano.specs -mfpu=fpv5-sp-d16 -mfloat-abi=hard -mthumb -o "Middlewares/Third_Party/LwIP/src/netif/ppp/chap-md5.o"
arm-none-eabi-gcc "../Middlewares/Third_Party/LwIP/src/netif/ppp/chap-new.c" -mcpu=cortex-m7 -std=gnu11 -g3 -DDEBUG -DUSE_HAL_DRIVER -DSTM32F746xx -c -I../Core/Inc -I../Drivers/STM32F7xx_HAL_Driver/Inc -I../Drivers/STM32F7xx_HAL_Driver/Inc/Legacy -I../Drivers/CMSIS/Device/ST/STM32F7xx/Include -I../Drivers/CMSIS/Include -I../LWIP/App -I../LWIP/Target -I../Middlewares/Third_Party/LwIP/src/include -I../Middlewares/Third_Party/LwIP/system -I../Middlewares/Third_Party/LwIP/src/include/netif/ppp -I../Middlewares/Third_Party/LwIP/src/include/lwip -I../Middlewares/Third_Party/LwIP/src/include/lwip/apps -I../Middlewares/Third_Party/LwIP/src/include/lwip/priv -I../Middlewares/Third_Party/LwIP/src/include/lwip/prot -I../Middlewares/Third_Party/LwIP/src/include/netif -I../Middlewares/Third_Party/LwIP/src/include/compat/posix -I../Middlewares/Third_Party/LwIP/src/include/compat/posix/arpa -I../Middlewares/Third_Party/LwIP/src/include/compat/posix/net -I../Middlewares/Third_Party/LwIP/src/include/compat/posix/sys -I../Middlewares/Third_Party/LwIP/src/include/compat/stdc -I../Middlewares/Third_Party/LwIP/system/arch -O0 -ffunction-sections -fdata-sections -Wall -fstack-usage -MMD -MP -MF"Middlewares/Third_Party/LwIP/src/netif/ppp/chap-new.d" -MT"Middlewares/Third_Party/LwIP/src/netif/ppp/chap-new.o" --specs=nano.specs -mfpu=fpv5-sp-d16 -mfloat-abi=hard -mthumb -o "Middlewares/Third_Party/LwIP/src/netif/ppp/chap-new.o"
arm-none-eabi-gcc "../Middlewares/Third_Party/LwIP/src/netif/ppp/chap_ms.c" -mcpu=cortex-m7 -std=gnu11 -g3 -DDEBUG -DUSE_HAL_DRIVER -DSTM32F746xx -c -I../Core/Inc -I../Drivers/STM32F7xx_HAL_Driver/Inc -I../Drivers/STM32F7xx_HAL_Driver/Inc/Legacy -I../Drivers/CMSIS/Device/ST/STM32F7xx/Include -I../Drivers/CMSIS/Include -I../LWIP/App -I../LWIP/Target -I../Middlewares/Third_Party/LwIP/src/include -I../Middlewares/Third_Party/LwIP/system -I../Middlewares/Third_Party/LwIP/src/include/netif/ppp -I../Middlewares/Third_Party/LwIP/src/include/lwip -I../Middlewares/Third_Party/LwIP/src/include/lwip/apps -I../Middlewares/Third_Party/LwIP/src/include/lwip/priv -I../Middlewares/Third_Party/LwIP/src/include/lwip/prot -I../Middlewares/Third_Party/LwIP/src/include/netif -I../Middlewares/Third_Party/LwIP/src/include/compat/posix -I../Middlewares/Third_Party/LwIP/src/include/compat/posix/arpa -I../Middlewares/Third_Party/LwIP/src/include/compat/posix/net -I../Middlewares/Third_Party/LwIP/src/include/compat/posix/sys -I../Middlewares/Third_Party/LwIP/src/include/compat/stdc -I../Middlewares/Third_Party/LwIP/system/arch -O0 -ffunction-sections -fdata-sections -Wall -fstack-usage -MMD -MP -MF"Middlewares/Third_Party/LwIP/src/netif/ppp/chap_ms.d" -MT"Middlewares/Third_Party/LwIP/src/netif/ppp/chap_ms.o" --specs=nano.specs -mfpu=fpv5-sp-d16 -mfloat-abi=hard -mthumb -o "Middlewares/Third_Party/LwIP/src/netif/ppp/chap_ms.o"
arm-none-eabi-gcc "../Middlewares/Third_Party/LwIP/src/netif/ppp/demand.c" -mcpu=cortex-m7 -std=gnu11 -g3 -DDEBUG -DUSE_HAL_DRIVER -DSTM32F746xx -c -I../Core/Inc -I../Drivers/STM32F7xx_HAL_Driver/Inc -I../Drivers/STM32F7xx_HAL_Driver/Inc/Legacy -I../Drivers/CMSIS/Device/ST/STM32F7xx/Include -I../Drivers/CMSIS/Include -I../LWIP/App -I../LWIP/Target -I../Middlewares/Third_Party/LwIP/src/include -I../Middlewares/Third_Party/LwIP/system -I../Middlewares/Third_Party/LwIP/src/include/netif/ppp -I../Middlewares/Third_Party/LwIP/src/include/lwip -I../Middlewares/Third_Party/LwIP/src/include/lwip/apps -I../Middlewares/Third_Party/LwIP/src/include/lwip/priv -I../Middlewares/Third_Party/LwIP/src/include/lwip/prot -I../Middlewares/Third_Party/LwIP/src/include/netif -I../Middlewares/Third_Party/LwIP/src/include/compat/posix -I../Middlewares/Third_Party/LwIP/src/include/compat/posix/arpa -I../Middlewares/Third_Party/LwIP/src/include/compat/posix/net -I../Middlewares/Third_Party/LwIP/src/include/compat/posix/sys -I../Middlewares/Third_Party/LwIP/src/include/compat/stdc -I../Middlewares/Third_Party/LwIP/system/arch -O0 -ffunction-sections -fdata-sections -Wall -fstack-usage -MMD -MP -MF"Middlewares/Third_Party/LwIP/src/netif/ppp/demand.d" -MT"Middlewares/Third_Party/LwIP/src/netif/ppp/demand.o" --specs=nano.specs -mfpu=fpv5-sp-d16 -mfloat-abi=hard -mthumb -o "Middlewares/Third_Party/LwIP/src/netif/ppp/demand.o"
arm-none-eabi-gcc "../Middlewares/Third_Party/LwIP/src/netif/ppp/eap.c" -mcpu=cortex-m7 -std=gnu11 -g3 -DDEBUG -DUSE_HAL_DRIVER -DSTM32F746xx -c -I../Core/Inc -I../Drivers/STM32F7xx_HAL_Driver/Inc -I../Drivers/STM32F7xx_HAL_Driver/Inc/Legacy -I../Drivers/CMSIS/Device/ST/STM32F7xx/Include -I../Drivers/CMSIS/Include -I../LWIP/App -I../LWIP/Target -I../Middlewares/Third_Party/LwIP/src/include -I../Middlewares/Third_Party/LwIP/system -I../Middlewares/Third_Party/LwIP/src/include/netif/ppp -I../Middlewares/Third_Party/LwIP/src/include/lwip -I../Middlewares/Third_Party/LwIP/src/include/lwip/apps -I../Middlewares/Third_Party/LwIP/src/include/lwip/priv -I../Middlewares/Third_Party/LwIP/src/include/lwip/prot -I../Middlewares/Third_Party/LwIP/src/include/netif -I../Middlewares/Third_Party/LwIP/src/include/compat/posix -I../Middlewares/Third_Party/LwIP/src/include/compat/posix/arpa -I../Middlewares/Third_Party/LwIP/src/include/compat/posix/net -I../Middlewares/Third_Party/LwIP/src/include/compat/posix/sys -I../Middlewares/Third_Party/LwIP/src/include/compat/stdc -I../Middlewares/Third_Party/LwIP/system/arch -O0 -ffunction-sections -fdata-sections -Wall -fstack-usage -MMD -MP -MF"Middlewares/Third_Party/LwIP/src/netif/ppp/eap.d" -MT"Middlewares/Third_Party/LwIP/src/netif/ppp/eap.o" --specs=nano.specs -mfpu=fpv5-sp-d16 -mfloat-abi=hard -mthumb -o "Middlewares/Third_Party/LwIP/src/netif/ppp/eap.o"
arm-none-eabi-gcc "../Middlewares/Third_Party/LwIP/src/netif/ppp/ecp.c" -mcpu=cortex-m7 -std=gnu11 -g3 -DDEBUG -DUSE_HAL_DRIVER -DSTM32F746xx -c -I../Core/Inc -I../Drivers/STM32F7xx_HAL_Driver/Inc -I../Drivers/STM32F7xx_HAL_Driver/Inc/Legacy -I../Drivers/CMSIS/Device/ST/STM32F7xx/Include -I../Drivers/CMSIS/Include -I../LWIP/App -I../LWIP/Target -I../Middlewares/Third_Party/LwIP/src/include -I../Middlewares/Third_Party/LwIP/system -I../Middlewares/Third_Party/LwIP/src/include/netif/ppp -I../Middlewares/Third_Party/LwIP/src/include/lwip -I../Middlewares/Third_Party/LwIP/src/include/lwip/apps -I../Middlewares/Third_Party/LwIP/src/include/lwip/priv -I../Middlewares/Third_Party/LwIP/src/include/lwip/prot -I../Middlewares/Third_Party/LwIP/src/include/netif -I../Middlewares/Third_Party/LwIP/src/include/compat/posix -I../Middlewares/Third_Party/LwIP/src/include/compat/posix/arpa -I../Middlewares/Third_Party/LwIP/src/include/compat/posix/net -I../Middlewares/Third_Party/LwIP/src/include/compat/posix/sys -I../Middlewares/Third_Party/LwIP/src/include/compat/stdc -I../Middlewares/Third_Party/LwIP/system/arch -O0 -ffunction-sections -fdata-sections -Wall -fstack-usage -MMD -MP -MF"Middlewares/Third_Party/LwIP/src/netif/ppp/ecp.d" -MT"Middlewares/Third_Party/LwIP/src/netif/ppp/ecp.o" --specs=nano.specs -mfpu=fpv5-sp-d16 -mfloat-abi=hard -mthumb -o "Middlewares/Third_Party/LwIP/src/netif/ppp/ecp.o"
arm-none-eabi-gcc "../Middlewares/Third_Party/LwIP/src/netif/ppp/eui64.c" -mcpu=cortex-m7 -std=gnu11 -g3 -DDEBUG -DUSE_HAL_DRIVER -DSTM32F746xx -c -I../Core/Inc -I../Drivers/STM32F7xx_HAL_Driver/Inc -I../Drivers/STM32F7xx_HAL_Driver/Inc/Legacy -I../Drivers/CMSIS/Device/ST/STM32F7xx/Include -I../Drivers/CMSIS/Include -I../LWIP/App -I../LWIP/Target -I../Middlewares/Third_Party/LwIP/src/include -I../Middlewares/Third_Party/LwIP/system -I../Middlewares/Third_Party/LwIP/src/include/netif/ppp -I../Middlewares/Third_Party/LwIP/src/include/lwip -I../Middlewares/Third_Party/LwIP/src/include/lwip/apps -I../Middlewares/Third_Party/LwIP/src/include/lwip/priv -I../Middlewares/Third_Party/LwIP/src/include/lwip/prot -I../Middlewares/Third_Party/LwIP/src/include/netif -I../Middlewares/Third_Party/LwIP/src/include/compat/posix -I../Middlewares/Third_Party/LwIP/src/include/compat/posix/arpa -I../Middlewares/Third_Party/LwIP/src/include/compat/posix/net -I../Middlewares/Third_Party/LwIP/src/include/compat/posix/sys -I../Middlewares/Third_Party/LwIP/src/include/compat/stdc -I../Middlewares/Third_Party/LwIP/system/arch -O0 -ffunction-sections -fdata-sections -Wall -fstack-usage -MMD -MP -MF"Middlewares/Third_Party/LwIP/src/netif/ppp/eui64.d" -MT"Middlewares/Third_Party/LwIP/src/netif/ppp/eui64.o" --specs=nano.specs -mfpu=fpv5-sp-d16 -mfloat-abi=hard -mthumb -o "Middlewares/Third_Party/LwIP/src/netif/ppp/eui64.o"
arm-none-eabi-gcc "../Middlewares/Third_Party/LwIP/src/netif/ppp/fsm.c" -mcpu=cortex-m7 -std=gnu11 -g3 -DDEBUG -DUSE_HAL_DRIVER -DSTM32F746xx -c -I../Core/Inc -I../Drivers/STM32F7xx_HAL_Driver/Inc -I../Drivers/STM32F7xx_HAL_Driver/Inc/Legacy -I../Drivers/CMSIS/Device/ST/STM32F7xx/Include -I../Drivers/CMSIS/Include -I../LWIP/App -I../LWIP/Target -I../Middlewares/Third_Party/LwIP/src/include -I../Middlewares/Third_Party/LwIP/system -I../Middlewares/Third_Party/LwIP/src/include/netif/ppp -I../Middlewares/Third_Party/LwIP/src/include/lwip -I../Middlewares/Third_Party/LwIP/src/include/lwip/apps -I../Middlewares/Third_Party/LwIP/src/include/lwip/priv -I../Middlewares/Third_Party/LwIP/src/include/lwip/prot -I../Middlewares/Third_Party/LwIP/src/include/netif -I../Middlewares/Third_Party/LwIP/src/include/compat/posix -I../Middlewares/Third_Party/LwIP/src/include/compat/posix/arpa -I../Middlewares/Third_Party/LwIP/src/include/compat/posix/net -I../Middlewares/Third_Party/LwIP/src/include/compat/posix/sys -I../Middlewares/Third_Party/LwIP/src/include/compat/stdc -I../Middlewares/Third_Party/LwIP/system/arch -O0 -ffunction-sections -fdata-sections -Wall -fstack-usage -MMD -MP -MF"Middlewares/Third_Party/LwIP/src/netif/ppp/fsm.d" -MT"Middlewares/Third_Party/LwIP/src/netif/ppp/fsm.o" --specs=nano.specs -mfpu=fpv5-sp-d16 -mfloat-abi=hard -mthumb -o "Middlewares/Third_Party/LwIP/src/netif/ppp/fsm.o"
arm-none-eabi-gcc "../Middlewares/Third_Party/LwIP/src/netif/ppp/ipcp.c" -mcpu=cortex-m7 -std=gnu11 -g3 -DDEBUG -DUSE_HAL_DRIVER -DSTM32F746xx -c -I../Core/Inc -I../Drivers/STM32F7xx_HAL_Driver/Inc -I../Drivers/STM32F7xx_HAL_Driver/Inc/Legacy -I../Drivers/CMSIS/Device/ST/STM32F7xx/Include -I../Drivers/CMSIS/Include -I../LWIP/App -I../LWIP/Target -I../Middlewares/Third_Party/LwIP/src/include -I../Middlewares/Third_Party/LwIP/system -I../Middlewares/Third_Party/LwIP/src/include/netif/ppp -I../Middlewares/Third_Party/LwIP/src/include/lwip -I../Middlewares/Third_Party/LwIP/src/include/lwip/apps -I../Middlewares/Third_Party/LwIP/src/include/lwip/priv -I../Middlewares/Third_Party/LwIP/src/include/lwip/prot -I../Middlewares/Third_Party/LwIP/src/include/netif -I../Middlewares/Third_Party/LwIP/src/include/compat/posix -I../Middlewares/Third_Party/LwIP/src/include/compat/posix/arpa -I../Middlewares/Third_Party/LwIP/src/include/compat/posix/net -I../Middlewares/Third_Party/LwIP/src/include/compat/posix/sys -I../Middlewares/Third_Party/LwIP/src/include/compat/stdc -I../Middlewares/Third_Party/LwIP/system/arch -O0 -ffunction-sections -fdata-sections -Wall -fstack-usage -MMD -MP -MF"Middlewares/Third_Party/LwIP/src/netif/ppp/ipcp.d" -MT"Middlewares/Third_Party/LwIP/src/netif/ppp/ipcp.o" --specs=nano.specs -mfpu=fpv5-sp-d16 -mfloat-abi=hard -mthumb -o "Middlewares/Third_Party/LwIP/src/netif/ppp/ipcp.o"
arm-none-eabi-gcc "../Middlewares/Third_Party/LwIP/src/netif/ppp/ipv6cp.c" -mcpu=cortex-m7 -std=gnu11 -g3 -DDEBUG -DUSE_HAL_DRIVER -DSTM32F746xx -c -I../Core/Inc -I../Drivers/STM32F7xx_HAL_Driver/Inc -I../Drivers/STM32F7xx_HAL_Driver/Inc/Legacy -I../Drivers/CMSIS/Device/ST/STM32F7xx/Include -I../Drivers/CMSIS/Include -I../LWIP/App -I../LWIP/Target -I../Middlewares/Third_Party/LwIP/src/include -I../Middlewares/Third_Party/LwIP/system -I../Middlewares/Third_Party/LwIP/src/include/netif/ppp -I../Middlewares/Third_Party/LwIP/src/include/lwip -I../Middlewares/Third_Party/LwIP/src/include/lwip/apps -I../Middlewares/Third_Party/LwIP/src/include/lwip/priv -I../Middlewares/Third_Party/LwIP/src/include/lwip/prot -I../Middlewares/Third_Party/LwIP/src/include/netif -I../Middlewares/Third_Party/LwIP/src/include/compat/posix -I../Middlewares/Third_Party/LwIP/src/include/compat/posix/arpa -I../Middlewares/Third_Party/LwIP/src/include/compat/posix/net -I../Middlewares/Third_Party/LwIP/src/include/compat/posix/sys -I../Middlewares/Third_Party/LwIP/src/include/compat/stdc -I../Middlewares/Third_Party/LwIP/system/arch -O0 -ffunction-sections -fdata-sections -Wall -fstack-usage -MMD -MP -MF"Middlewares/Third_Party/LwIP/src/netif/ppp/ipv6cp.d" -MT"Middlewares/Third_Party/LwIP/src/netif/ppp/ipv6cp.o" --specs=nano.specs -mfpu=fpv5-sp-d16 -mfloat-abi=hard -mthumb -o "Middlewares/Third_Party/LwIP/src/netif/ppp/ipv6cp.o"
arm-none-eabi-gcc "../Middlewares/Third_Party/LwIP/src/netif/ppp/lcp.c" -mcpu=cortex-m7 -std=gnu11 -g3 -DDEBUG -DUSE_HAL_DRIVER -DSTM32F746xx -c -I../Core/Inc -I../Drivers/STM32F7xx_HAL_Driver/Inc -I../Drivers/STM32F7xx_HAL_Driver/Inc/Legacy -I../Drivers/CMSIS/Device/ST/STM32F7xx/Include -I../Drivers/CMSIS/Include -I../LWIP/App -I../LWIP/Target -I../Middlewares/Third_Party/LwIP/src/include -I../Middlewares/Third_Party/LwIP/system -I../Middlewares/Third_Party/LwIP/src/include/netif/ppp -I../Middlewares/Third_Party/LwIP/src/include/lwip -I../Middlewares/Third_Party/LwIP/src/include/lwip/apps -I../Middlewares/Third_Party/LwIP/src/include/lwip/priv -I../Middlewares/Third_Party/LwIP/src/include/lwip/prot -I../Middlewares/Third_Party/LwIP/src/include/netif -I../Middlewares/Third_Party/LwIP/src/include/compat/posix -I../Middlewares/Third_Party/LwIP/src/include/compat/posix/arpa -I../Middlewares/Third_Party/LwIP/src/include/compat/posix/net -I../Middlewares/Third_Party/LwIP/src/include/compat/posix/sys -I../Middlewares/Third_Party/LwIP/src/include/compat/stdc -I../Middlewares/Third_Party/LwIP/system/arch -O0 -ffunction-sections -fdata-sections -Wall -fstack-usage -MMD -MP -MF"Middlewares/Third_Party/LwIP/src/netif/ppp/lcp.d" -MT"Middlewares/Third_Party/LwIP/src/netif/ppp/lcp.o" --specs=nano.specs -mfpu=fpv5-sp-d16 -mfloat-abi=hard -mthumb -o "Middlewares/Third_Party/LwIP/src/netif/ppp/lcp.o"
arm-none-eabi-gcc "../Middlewares/Third_Party/LwIP/src/netif/ppp/magic.c" -mcpu=cortex-m7 -std=gnu11 -g3 -DDEBUG -DUSE_HAL_DRIVER -DSTM32F746xx -c -I../Core/Inc -I../Drivers/STM32F7xx_HAL_Driver/Inc -I../Drivers/STM32F7xx_HAL_Driver/Inc/Legacy -I../Drivers/CMSIS/Device/ST/STM32F7xx/Include -I../Drivers/CMSIS/Include -I../LWIP/App -I../LWIP/Target -I../Middlewares/Third_Party/LwIP/src/include -I../Middlewares/Third_Party/LwIP/system -I../Middlewares/Third_Party/LwIP/src/include/netif/ppp -I../Middlewares/Third_Party/LwIP/src/include/lwip -I../Middlewares/Third_Party/LwIP/src/include/lwip/apps -I../Middlewares/Third_Party/LwIP/src/include/lwip/priv -I../Middlewares/Third_Party/LwIP/src/include/lwip/prot -I../Middlewares/Third_Party/LwIP/src/include/netif -I../Middlewares/Third_Party/LwIP/src/include/compat/posix -I../Middlewares/Third_Party/LwIP/src/include/compat/posix/arpa -I../Middlewares/Third_Party/LwIP/src/include/compat/posix/net -I../Middlewares/Third_Party/LwIP/src/include/compat/posix/sys -I../Middlewares/Third_Party/LwIP/src/include/compat/stdc -I../Middlewares/Third_Party/LwIP/system/arch -O0 -ffunction-sections -fdata-sections -Wall -fstack-usage -MMD -MP -MF"Middlewares/Third_Party/LwIP/src/netif/ppp/magic.d" -MT"Middlewares/Third_Party/LwIP/src/netif/ppp/magic.o" --specs=nano.specs -mfpu=fpv5-sp-d16 -mfloat-abi=hard -mthumb -o "Middlewares/Third_Party/LwIP/src/netif/ppp/magic.o"
arm-none-eabi-gcc "../Middlewares/Third_Party/LwIP/src/netif/ppp/mppe.c" -mcpu=cortex-m7 -std=gnu11 -g3 -DDEBUG -DUSE_HAL_DRIVER -DSTM32F746xx -c -I../Core/Inc -I../Drivers/STM32F7xx_HAL_Driver/Inc -I../Drivers/STM32F7xx_HAL_Driver/Inc/Legacy -I../Drivers/CMSIS/Device/ST/STM32F7xx/Include -I../Drivers/CMSIS/Include -I../LWIP/App -I../LWIP/Target -I../Middlewares/Third_Party/LwIP/src/include -I../Middlewares/Third_Party/LwIP/system -I../Middlewares/Third_Party/LwIP/src/include/netif/ppp -I../Middlewares/Third_Party/LwIP/src/include/lwip -I../Middlewares/Third_Party/LwIP/src/include/lwip/apps -I../Middlewares/Third_Party/LwIP/src/include/lwip/priv -I../Middlewares/Third_Party/LwIP/src/include/lwip/prot -I../Middlewares/Third_Party/LwIP/src/include/netif -I../Middlewares/Third_Party/LwIP/src/include/compat/posix -I../Middlewares/Third_Party/LwIP/src/include/compat/posix/arpa -I../Middlewares/Third_Party/LwIP/src/include/compat/posix/net -I../Middlewares/Third_Party/LwIP/src/include/compat/posix/sys -I../Middlewares/Third_Party/LwIP/src/include/compat/stdc -I../Middlewares/Third_Party/LwIP/system/arch -O0 -ffunction-sections -fdata-sections -Wall -fstack-usage -MMD -MP -MF"Middlewares/Third_Party/LwIP/src/netif/ppp/mppe.d" -MT"Middlewares/Third_Party/LwIP/src/netif/ppp/mppe.o" --specs=nano.specs -mfpu=fpv5-sp-d16 -mfloat-abi=hard -mthumb -o "Middlewares/Third_Party/LwIP/src/netif/ppp/mppe.o"
arm-none-eabi-gcc "../Middlewares/Third_Party/LwIP/src/netif/ppp/multilink.c" -mcpu=cortex-m7 -std=gnu11 -g3 -DDEBUG -DUSE_HAL_DRIVER -DSTM32F746xx -c -I../Core/Inc -I../Drivers/STM32F7xx_HAL_Driver/Inc -I../Drivers/STM32F7xx_HAL_Driver/Inc/Legacy -I../Drivers/CMSIS/Device/ST/STM32F7xx/Include -I../Drivers/CMSIS/Include -I../LWIP/App -I../LWIP/Target -I../Middlewares/Third_Party/LwIP/src/include -I../Middlewares/Third_Party/LwIP/system -I../Middlewares/Third_Party/LwIP/src/include/netif/ppp -I../Middlewares/Third_Party/LwIP/src/include/lwip -I../Middlewares/Third_Party/LwIP/src/include/lwip/apps -I../Middlewares/Third_Party/LwIP/src/include/lwip/priv -I../Middlewares/Third_Party/LwIP/src/include/lwip/prot -I../Middlewares/Third_Party/LwIP/src/include/netif -I../Middlewares/Third_Party/LwIP/src/include/compat/posix -I../Middlewares/Third_Party/LwIP/src/include/compat/posix/arpa -I../Middlewares/Third_Party/LwIP/src/include/compat/posix/net -I../Middlewares/Third_Party/LwIP/src/include/compat/posix/sys -I../Middlewares/Third_Party/LwIP/src/include/compat/stdc -I../Middlewares/Third_Party/LwIP/system/arch -O0 -ffunction-sections -fdata-sections -Wall -fstack-usage -MMD -MP -MF"Middlewares/Third_Party/LwIP/src/netif/ppp/multilink.d" -MT"Middlewares/Third_Party/LwIP/src/netif/ppp/multilink.o" --specs=nano.specs -mfpu=fpv5-sp-d16 -mfloat-abi=hard -mthumb -o "Middlewares/Third_Party/LwIP/src/netif/ppp/multilink.o"
arm-none-eabi-gcc "../Middlewares/Third_Party/LwIP/src/netif/ppp/ppp.c" -mcpu=cortex-m7 -std=gnu11 -g3 -DDEBUG -DUSE_HAL_DRIVER -DSTM32F746xx -c -I../Core/Inc -I../Drivers/STM32F7xx_HAL_Driver/Inc -I../Drivers/STM32F7xx_HAL_Driver/Inc/Legacy -I../Drivers/CMSIS/Device/ST/STM32F7xx/Include -I../Drivers/CMSIS/Include -I../LWIP/App -I../LWIP/Target -I../Middlewares/Third_Party/LwIP/src/include -I../Middlewares/Third_Party/LwIP/system -I../Middlewares/Third_Party/LwIP/src/include/netif/ppp -I../Middlewares/Third_Party/LwIP/src/include/lwip -I../Middlewares/Third_Party/LwIP/src/include/lwip/apps -I../Middlewares/Third_Party/LwIP/src/include/lwip/priv -I../Middlewares/Third_Party/LwIP/src/include/lwip/prot -I../Middlewares/Third_Party/LwIP/src/include/netif -I../Middlewares/Third_Party/LwIP/src/include/compat/posix -I../Middlewares/Third_Party/LwIP/src/include/compat/posix/arpa -I../Middlewares/Third_Party/LwIP/src/include/compat/posix/net -I../Middlewares/Third_Party/LwIP/src/include/compat/posix/sys -I../Middlewares/Third_Party/LwIP/src/include/compat/stdc -I../Middlewares/Third_Party/LwIP/system/arch -O0 -ffunction-sections -fdata-sections -Wall -fstack-usage -MMD -MP -MF"Middlewares/Third_Party/LwIP/src/netif/ppp/ppp.d" -MT"Middlewares/Third_Party/LwIP/src/netif/ppp/ppp.o" --specs=nano.specs -mfpu=fpv5-sp-d16 -mfloat-abi=hard -mthumb -o "Middlewares/Third_Party/LwIP/src/netif/ppp/ppp.o"
arm-none-eabi-gcc "../Middlewares/Third_Party/LwIP/src/netif/ppp/pppapi.c" -mcpu=cortex-m7 -std=gnu11 -g3 -DDEBUG -DUSE_HAL_DRIVER -DSTM32F746xx -c -I../Core/Inc -I../Drivers/STM32F7xx_HAL_Driver/Inc -I../Drivers/STM32F7xx_HAL_Driver/Inc/Legacy -I../Drivers/CMSIS/Device/ST/STM32F7xx/Include -I../Drivers/CMSIS/Include -I../LWIP/App -I../LWIP/Target -I../Middlewares/Third_Party/LwIP/src/include -I../Middlewares/Third_Party/LwIP/system -I../Middlewares/Third_Party/LwIP/src/include/netif/ppp -I../Middlewares/Third_Party/LwIP/src/include/lwip -I../Middlewares/Third_Party/LwIP/src/include/lwip/apps -I../Middlewares/Third_Party/LwIP/src/include/lwip/priv -I../Middlewares/Third_Party/LwIP/src/include/lwip/prot -I../Middlewares/Third_Party/LwIP/src/include/netif -I../Middlewares/Third_Party/LwIP/src/include/compat/posix -I../Middlewares/Third_Party/LwIP/src/include/compat/posix/arpa -I../Middlewares/Third_Party/LwIP/src/include/compat/posix/net -I../Middlewares/Third_Party/LwIP/src/include/compat/posix/sys -I../Middlewares/Third_Party/LwIP/src/include/compat/stdc -I../Middlewares/Third_Party/LwIP/system/arch -O0 -ffunction-sections -fdata-sections -Wall -fstack-usage -MMD -MP -MF"Middlewares/Third_Party/LwIP/src/netif/ppp/pppapi.d" -MT"Middlewares/Third_Party/LwIP/src/netif/ppp/pppapi.o" --specs=nano.specs -mfpu=fpv5-sp-d16 -mfloat-abi=hard -mthumb -o "Middlewares/Third_Party/LwIP/src/netif/ppp/pppapi.o"
arm-none-eabi-gcc "../Middlewares/Third_Party/LwIP/src/netif/ppp/pppcrypt.c" -mcpu=cortex-m7 -std=gnu11 -g3 -DDEBUG -DUSE_HAL_DRIVER -DSTM32F746xx -c -I../Core/Inc -I../Drivers/STM32F7xx_HAL_Driver/Inc -I../Drivers/STM32F7xx_HAL_Driver/Inc/Legacy -I../Drivers/CMSIS/Device/ST/STM32F7xx/Include -I../Drivers/CMSIS/Include -I../LWIP/App -I../LWIP/Target -I../Middlewares/Third_Party/LwIP/src/include -I../Middlewares/Third_Party/LwIP/system -I../Middlewares/Third_Party/LwIP/src/include/netif/ppp -I../Middlewares/Third_Party/LwIP/src/include/lwip -I../Middlewares/Third_Party/LwIP/src/include/lwip/apps -I../Middlewares/Third_Party/LwIP/src/include/lwip/priv -I../Middlewares/Third_Party/LwIP/src/include/lwip/prot -I../Middlewares/Third_Party/LwIP/src/include/netif -I../Middlewares/Third_Party/LwIP/src/include/compat/posix -I../Middlewares/Third_Party/LwIP/src/include/compat/posix/arpa -I../Middlewares/Third_Party/LwIP/src/include/compat/posix/net -I../Middlewares/Third_Party/LwIP/src/include/compat/posix/sys -I../Middlewares/Third_Party/LwIP/src/include/compat/stdc -I../Middlewares/Third_Party/LwIP/system/arch -O0 -ffunction-sections -fdata-sections -Wall -fstack-usage -MMD -MP -MF"Middlewares/Third_Party/LwIP/src/netif/ppp/pppcrypt.d" -MT"Middlewares/Third_Party/LwIP/src/netif/ppp/pppcrypt.o" --specs=nano.specs -mfpu=fpv5-sp-d16 -mfloat-abi=hard -mthumb -o "Middlewares/Third_Party/LwIP/src/netif/ppp/pppcrypt.o"
arm-none-eabi-gcc "../Middlewares/Third_Party/LwIP/src/netif/ppp/pppoe.c" -mcpu=cortex-m7 -std=gnu11 -g3 -DDEBUG -DUSE_HAL_DRIVER -DSTM32F746xx -c -I../Core/Inc -I../Drivers/STM32F7xx_HAL_Driver/Inc -I../Drivers/STM32F7xx_HAL_Driver/Inc/Legacy -I../Drivers/CMSIS/Device/ST/STM32F7xx/Include -I../Drivers/CMSIS/Include -I../LWIP/App -I../LWIP/Target -I../Middlewares/Third_Party/LwIP/src/include -I../Middlewares/Third_Party/LwIP/system -I../Middlewares/Third_Party/LwIP/src/include/netif/ppp -I../Middlewares/Third_Party/LwIP/src/include/lwip -I../Middlewares/Third_Party/LwIP/src/include/lwip/apps -I../Middlewares/Third_Party/LwIP/src/include/lwip/priv -I../Middlewares/Third_Party/LwIP/src/include/lwip/prot -I../Middlewares/Third_Party/LwIP/src/include/netif -I../Middlewares/Third_Party/LwIP/src/include/compat/posix -I../Middlewares/Third_Party/LwIP/src/include/compat/posix/arpa -I../Middlewares/Third_Party/LwIP/src/include/compat/posix/net -I../Middlewares/Third_Party/LwIP/src/include/compat/posix/sys -I../Middlewares/Third_Party/LwIP/src/include/compat/stdc -I../Middlewares/Third_Party/LwIP/system/arch -O0 -ffunction-sections -fdata-sections -Wall -fstack-usage -MMD -MP -MF"Middlewares/Third_Party/LwIP/src/netif/ppp/pppoe.d" -MT"Middlewares/Third_Party/LwIP/src/netif/ppp/pppoe.o" --specs=nano.specs -mfpu=fpv5-sp-d16 -mfloat-abi=hard -mthumb -o "Middlewares/Third_Party/LwIP/src/netif/ppp/pppoe.o"
arm-none-eabi-gcc "../Middlewares/Third_Party/LwIP/src/netif/ppp/pppol2tp.c" -mcpu=cortex-m7 -std=gnu11 -g3 -DDEBUG -DUSE_HAL_DRIVER -DSTM32F746xx -c -I../Core/Inc -I../Drivers/STM32F7xx_HAL_Driver/Inc -I../Drivers/STM32F7xx_HAL_Driver/Inc/Legacy -I../Drivers/CMSIS/Device/ST/STM32F7xx/Include -I../Drivers/CMSIS/Include -I../LWIP/App -I../LWIP/Target -I../Middlewares/Third_Party/LwIP/src/include -I../Middlewares/Third_Party/LwIP/system -I../Middlewares/Third_Party/LwIP/src/include/netif/ppp -I../Middlewares/Third_Party/LwIP/src/include/lwip -I../Middlewares/Third_Party/LwIP/src/include/lwip/apps -I../Middlewares/Third_Party/LwIP/src/include/lwip/priv -I../Middlewares/Third_Party/LwIP/src/include/lwip/prot -I../Middlewares/Third_Party/LwIP/src/include/netif -I../Middlewares/Third_Party/LwIP/src/include/compat/posix -I../Middlewares/Third_Party/LwIP/src/include/compat/posix/arpa -I../Middlewares/Third_Party/LwIP/src/include/compat/posix/net -I../Middlewares/Third_Party/LwIP/src/include/compat/posix/sys -I../Middlewares/Third_Party/LwIP/src/include/compat/stdc -I../Middlewares/Third_Party/LwIP/system/arch -O0 -ffunction-sections -fdata-sections -Wall -fstack-usage -MMD -MP -MF"Middlewares/Third_Party/LwIP/src/netif/ppp/pppol2tp.d" -MT"Middlewares/Third_Party/LwIP/src/netif/ppp/pppol2tp.o" --specs=nano.specs -mfpu=fpv5-sp-d16 -mfloat-abi=hard -mthumb -o "Middlewares/Third_Party/LwIP/src/netif/ppp/pppol2tp.o"
arm-none-eabi-gcc "../Middlewares/Third_Party/LwIP/src/netif/ppp/pppos.c" -mcpu=cortex-m7 -std=gnu11 -g3 -DDEBUG -DUSE_HAL_DRIVER -DSTM32F746xx -c -I../Core/Inc -I../Drivers/STM32F7xx_HAL_Driver/Inc -I../Drivers/STM32F7xx_HAL_Driver/Inc/Legacy -I../Drivers/CMSIS/Device/ST/STM32F7xx/Include -I../Drivers/CMSIS/Include -I../LWIP/App -I../LWIP/Target -I../Middlewares/Third_Party/LwIP/src/include -I../Middlewares/Third_Party/LwIP/system -I../Middlewares/Third_Party/LwIP/src/include/netif/ppp -I../Middlewares/Third_Party/LwIP/src/include/lwip -I../Middlewares/Third_Party/LwIP/src/include/lwip/apps -I../Middlewares/Third_Party/LwIP/src/include/lwip/priv -I../Middlewares/Third_Party/LwIP/src/include/lwip/prot -I../Middlewares/Third_Party/LwIP/src/include/netif -I../Middlewares/Third_Party/LwIP/src/include/compat/posix -I../Middlewares/Third_Party/LwIP/src/include/compat/posix/arpa -I../Middlewares/Third_Party/LwIP/src/include/compat/posix/net -I../Middlewares/Third_Party/LwIP/src/include/compat/posix/sys -I../Middlewares/Third_Party/LwIP/src/include/compat/stdc -I../Middlewares/Third_Party/LwIP/system/arch -O0 -ffunction-sections -fdata-sections -Wall -fstack-usage -MMD -MP -MF"Middlewares/Third_Party/LwIP/src/netif/ppp/pppos.d" -MT"Middlewares/Third_Party/LwIP/src/netif/ppp/pppos.o" --specs=nano.specs -mfpu=fpv5-sp-d16 -mfloat-abi=hard -mthumb -o "Middlewares/Third_Party/LwIP/src/netif/ppp/pppos.o"
arm-none-eabi-gcc "../Middlewares/Third_Party/LwIP/src/netif/ppp/upap.c" -mcpu=cortex-m7 -std=gnu11 -g3 -DDEBUG -DUSE_HAL_DRIVER -DSTM32F746xx -c -I../Core/Inc -I../Drivers/STM32F7xx_HAL_Driver/Inc -I../Drivers/STM32F7xx_HAL_Driver/Inc/Legacy -I../Drivers/CMSIS/Device/ST/STM32F7xx/Include -I../Drivers/CMSIS/Include -I../LWIP/App -I../LWIP/Target -I../Middlewares/Third_Party/LwIP/src/include -I../Middlewares/Third_Party/LwIP/system -I../Middlewares/Third_Party/LwIP/src/include/netif/ppp -I../Middlewares/Third_Party/LwIP/src/include/lwip -I../Middlewares/Third_Party/LwIP/src/include/lwip/apps -I../Middlewares/Third_Party/LwIP/src/include/lwip/priv -I../Middlewares/Third_Party/LwIP/src/include/lwip/prot -I../Middlewares/Third_Party/LwIP/src/include/netif -I../Middlewares/Third_Party/LwIP/src/include/compat/posix -I../Middlewares/Third_Party/LwIP/src/include/compat/posix/arpa -I../Middlewares/Third_Party/LwIP/src/include/compat/posix/net -I../Middlewares/Third_Party/LwIP/src/include/compat/posix/sys -I../Middlewares/Third_Party/LwIP/src/include/compat/stdc -I../Middlewares/Third_Party/LwIP/system/arch -O0 -ffunction-sections -fdata-sections -Wall -fstack-usage -MMD -MP -MF"Middlewares/Third_Party/LwIP/src/netif/ppp/upap.d" -MT"Middlewares/Third_Party/LwIP/src/netif/ppp/upap.o" --specs=nano.specs -mfpu=fpv5-sp-d16 -mfloat-abi=hard -mthumb -o "Middlewares/Third_Party/LwIP/src/netif/ppp/upap.o"
arm-none-eabi-gcc "../Middlewares/Third_Party/LwIP/src/netif/ppp/utils.c" -mcpu=cortex-m7 -std=gnu11 -g3 -DDEBUG -DUSE_HAL_DRIVER -DSTM32F746xx -c -I../Core/Inc -I../Drivers/STM32F7xx_HAL_Driver/Inc -I../Drivers/STM32F7xx_HAL_Driver/Inc/Legacy -I../Drivers/CMSIS/Device/ST/STM32F7xx/Include -I../Drivers/CMSIS/Include -I../LWIP/App -I../LWIP/Target -I../Middlewares/Third_Party/LwIP/src/include -I../Middlewares/Third_Party/LwIP/system -I../Middlewares/Third_Party/LwIP/src/include/netif/ppp -I../Middlewares/Third_Party/LwIP/src/include/lwip -I../Middlewares/Third_Party/LwIP/src/include/lwip/apps -I../Middlewares/Third_Party/LwIP/src/include/lwip/priv -I../Middlewares/Third_Party/LwIP/src/include/lwip/prot -I../Middlewares/Third_Party/LwIP/src/include/netif -I../Middlewares/Third_Party/LwIP/src/include/compat/posix -I../Middlewares/Third_Party/LwIP/src/include/compat/posix/arpa -I../Middlewares/Third_Party/LwIP/src/include/compat/posix/net -I../Middlewares/Third_Party/LwIP/src/include/compat/posix/sys -I../Middlewares/Third_Party/LwIP/src/include/compat/stdc -I../Middlewares/Third_Party/LwIP/system/arch -O0 -ffunction-sections -fdata-sections -Wall -fstack-usage -MMD -MP -MF"Middlewares/Third_Party/LwIP/src/netif/ppp/utils.d" -MT"Middlewares/Third_Party/LwIP/src/netif/ppp/utils.o" --specs=nano.specs -mfpu=fpv5-sp-d16 -mfloat-abi=hard -mthumb -o "Middlewares/Third_Party/LwIP/src/netif/ppp/utils.o"
arm-none-eabi-gcc "../Middlewares/Third_Party/LwIP/src/netif/ppp/vj.c" -mcpu=cortex-m7 -std=gnu11 -g3 -DDEBUG -DUSE_HAL_DRIVER -DSTM32F746xx -c -I../Core/Inc -I../Drivers/STM32F7xx_HAL_Driver/Inc -I../Drivers/STM32F7xx_HAL_Driver/Inc/Legacy -I../Drivers/CMSIS/Device/ST/STM32F7xx/Include -I../Drivers/CMSIS/Include -I../LWIP/App -I../LWIP/Target -I../Middlewares/Third_Party/LwIP/src/include -I../Middlewares/Third_Party/LwIP/system -I../Middlewares/Third_Party/LwIP/src/include/netif/ppp -I../Middlewares/Third_Party/LwIP/src/include/lwip -I../Middlewares/Third_Party/LwIP/src/include/lwip/apps -I../Middlewares/Third_Party/LwIP/src/include/lwip/priv -I../Middlewares/Third_Party/LwIP/src/include/lwip/prot -I../Middlewares/Third_Party/LwIP/src/include/netif -I../Middlewares/Third_Party/LwIP/src/include/compat/posix -I../Middlewares/Third_Party/LwIP/src/include/compat/posix/arpa -I../Middlewares/Third_Party/LwIP/src/include/compat/posix/net -I../Middlewares/Third_Party/LwIP/src/include/compat/posix/sys -I../Middlewares/Third_Party/LwIP/src/include/compat/stdc -I../Middlewares/Third_Party/LwIP/system/arch -O0 -ffunction-sections -fdata-sections -Wall -fstack-usage -MMD -MP -MF"Middlewares/Third_Party/LwIP/src/netif/ppp/vj.d" -MT"Middlewares/Third_Party/LwIP/src/netif/ppp/vj.o" --specs=nano.specs -mfpu=fpv5-sp-d16 -mfloat-abi=hard -mthumb -o "Middlewares/Third_Party/LwIP/src/netif/ppp/vj.o"
arm-none-eabi-gcc "../Middlewares/Third_Party/LwIP/src/netif/bridgeif.c" -mcpu=cortex-m7 -std=gnu11 -g3 -DDEBUG -DUSE_HAL_DRIVER -DSTM32F746xx -c -I../Core/Inc -I../Drivers/STM32F7xx_HAL_Driver/Inc -I../Drivers/STM32F7xx_HAL_Driver/Inc/Legacy -I../Drivers/CMSIS/Device/ST/STM32F7xx/Include -I../Drivers/CMSIS/Include -I../LWIP/App -I../LWIP/Target -I../Middlewares/Third_Party/LwIP/src/include -I../Middlewares/Third_Party/LwIP/system -I../Middlewares/Third_Party/LwIP/src/include/netif/ppp -I../Middlewares/Third_Party/LwIP/src/include/lwip -I../Middlewares/Third_Party/LwIP/src/include/lwip/apps -I../Middlewares/Third_Party/LwIP/src/include/lwip/priv -I../Middlewares/Third_Party/LwIP/src/include/lwip/prot -I../Middlewares/Third_Party/LwIP/src/include/netif -I../Middlewares/Third_Party/LwIP/src/include/compat/posix -I../Middlewares/Third_Party/LwIP/src/include/compat/posix/arpa -I../Middlewares/Third_Party/LwIP/src/include/compat/posix/net -I../Middlewares/Third_Party/LwIP/src/include/compat/posix/sys -I../Middlewares/Third_Party/LwIP/src/include/compat/stdc -I../Middlewares/Third_Party/LwIP/system/arch -O0 -ffunction-sections -fdata-sections -Wall -fstack-usage -MMD -MP -MF"Middlewares/Third_Party/LwIP/src/netif/bridgeif.d" -MT"Middlewares/Third_Party/LwIP/src/netif/bridgeif.o" --specs=nano.specs -mfpu=fpv5-sp-d16 -mfloat-abi=hard -mthumb -o "Middlewares/Third_Party/LwIP/src/netif/bridgeif.o"
arm-none-eabi-gcc "../Middlewares/Third_Party/LwIP/src/netif/bridgeif_fdb.c" -mcpu=cortex-m7 -std=gnu11 -g3 -DDEBUG -DUSE_HAL_DRIVER -DSTM32F746xx -c -I../Core/Inc -I../Drivers/STM32F7xx_HAL_Driver/Inc -I../Drivers/STM32F7xx_HAL_Driver/Inc/Legacy -I../Drivers/CMSIS/Device/ST/STM32F7xx/Include -I../Drivers/CMSIS/Include -I../LWIP/App -I../LWIP/Target -I../Middlewares/Third_Party/LwIP/src/include -I../Middlewares/Third_Party/LwIP/system -I../Middlewares/Third_Party/LwIP/src/include/netif/ppp -I../Middlewares/Third_Party/LwIP/src/include/lwip -I../Middlewares/Third_Party/LwIP/src/include/lwip/apps -I../Middlewares/Third_Party/LwIP/src/include/lwip/priv -I../Middlewares/Third_Party/LwIP/src/include/lwip/prot -I../Middlewares/Third_Party/LwIP/src/include/netif -I../Middlewares/Third_Party/LwIP/src/include/compat/posix -I../Middlewares/Third_Party/LwIP/src/include/compat/posix/arpa -I../Middlewares/Third_Party/LwIP/src/include/compat/posix/net -I../Middlewares/Third_Party/LwIP/src/include/compat/posix/sys -I../Middlewares/Third_Party/LwIP/src/include/compat/stdc -I../Middlewares/Third_Party/LwIP/system/arch -O0 -ffunction-sections -fdata-sections -Wall -fstack-usage -MMD -MP -MF"Middlewares/Third_Party/LwIP/src/netif/bridgeif_fdb.d" -MT"Middlewares/Third_Party/LwIP/src/netif/bridgeif_fdb.o" --specs=nano.specs -mfpu=fpv5-sp-d16 -mfloat-abi=hard -mthumb -o "Middlewares/Third_Party/LwIP/src/netif/bridgeif_fdb.o"
arm-none-eabi-gcc "../Middlewares/Third_Party/LwIP/src/netif/ethernet.c" -mcpu=cortex-m7 -std=gnu11 -g3 -DDEBUG -DUSE_HAL_DRIVER -DSTM32F746xx -c -I../Core/Inc -I../Drivers/STM32F7xx_HAL_Driver/Inc -I../Drivers/STM32F7xx_HAL_Driver/Inc/Legacy -I../Drivers/CMSIS/Device/ST/STM32F7xx/Include -I../Drivers/CMSIS/Include -I../LWIP/App -I../LWIP/Target -I../Middlewares/Third_Party/LwIP/src/include -I../Middlewares/Third_Party/LwIP/system -I../Middlewares/Third_Party/LwIP/src/include/netif/ppp -I../Middlewares/Third_Party/LwIP/src/include/lwip -I../Middlewares/Third_Party/LwIP/src/include/lwip/apps -I../Middlewares/Third_Party/LwIP/src/include/lwip/priv -I../Middlewares/Third_Party/LwIP/src/include/lwip/prot -I../Middlewares/Third_Party/LwIP/src/include/netif -I../Middlewares/Third_Party/LwIP/src/include/compat/posix -I../Middlewares/Third_Party/LwIP/src/include/compat/posix/arpa -I../Middlewares/Third_Party/LwIP/src/include/compat/posix/net -I../Middlewares/Third_Party/LwIP/src/include/compat/posix/sys -I../Middlewares/Third_Party/LwIP/src/include/compat/stdc -I../Middlewares/Third_Party/LwIP/system/arch -O0 -ffunction-sections -fdata-sections -Wall -fstack-usage -MMD -MP -MF"Middlewares/Third_Party/LwIP/src/netif/ethernet.d" -MT"Middlewares/Third_Party/LwIP/src/netif/ethernet.o" --specs=nano.specs -mfpu=fpv5-sp-d16 -mfloat-abi=hard -mthumb -o "Middlewares/Third_Party/LwIP/src/netif/ethernet.o"
arm-none-eabi-gcc "../Middlewares/Third_Party/LwIP/src/netif/lowpan6.c" -mcpu=cortex-m7 -std=gnu11 -g3 -DDEBUG -DUSE_HAL_DRIVER -DSTM32F746xx -c -I../Core/Inc -I../Drivers/STM32F7xx_HAL_Driver/Inc -I../Drivers/STM32F7xx_HAL_Driver/Inc/Legacy -I../Drivers/CMSIS/Device/ST/STM32F7xx/Include -I../Drivers/CMSIS/Include -I../LWIP/App -I../LWIP/Target -I../Middlewares/Third_Party/LwIP/src/include -I../Middlewares/Third_Party/LwIP/system -I../Middlewares/Third_Party/LwIP/src/include/netif/ppp -I../Middlewares/Third_Party/LwIP/src/include/lwip -I../Middlewares/Third_Party/LwIP/src/include/lwip/apps -I../Middlewares/Third_Party/LwIP/src/include/lwip/priv -I../Middlewares/Third_Party/LwIP/src/include/lwip/prot -I../Middlewares/Third_Party/LwIP/src/include/netif -I../Middlewares/Third_Party/LwIP/src/include/compat/posix -I../Middlewares/Third_Party/LwIP/src/include/compat/posix/arpa -I../Middlewares/Third_Party/LwIP/src/include/compat/posix/net -I../Middlewares/Third_Party/LwIP/src/include/compat/posix/sys -I../Middlewares/Third_Party/LwIP/src/include/compat/stdc -I../Middlewares/Third_Party/LwIP/system/arch -O0 -ffunction-sections -fdata-sections -Wall -fstack-usage -MMD -MP -MF"Middlewares/Third_Party/LwIP/src/netif/lowpan6.d" -MT"Middlewares/Third_Party/LwIP/src/netif/lowpan6.o" --specs=nano.specs -mfpu=fpv5-sp-d16 -mfloat-abi=hard -mthumb -o "Middlewares/Third_Party/LwIP/src/netif/lowpan6.o"
arm-none-eabi-gcc "../Middlewares/Third_Party/LwIP/src/netif/lowpan6_ble.c" -mcpu=cortex-m7 -std=gnu11 -g3 -DDEBUG -DUSE_HAL_DRIVER -DSTM32F746xx -c -I../Core/Inc -I../Drivers/STM32F7xx_HAL_Driver/Inc -I../Drivers/STM32F7xx_HAL_Driver/Inc/Legacy -I../Drivers/CMSIS/Device/ST/STM32F7xx/Include -I../Drivers/CMSIS/Include -I../LWIP/App -I../LWIP/Target -I../Middlewares/Third_Party/LwIP/src/include -I../Middlewares/Third_Party/LwIP/system -I../Middlewares/Third_Party/LwIP/src/include/netif/ppp -I../Middlewares/Third_Party/LwIP/src/include/lwip -I../Middlewares/Third_Party/LwIP/src/include/lwip/apps -I../Middlewares/Third_Party/LwIP/src/include/lwip/priv -I../Middlewares/Third_Party/LwIP/src/include/lwip/prot -I../Middlewares/Third_Party/LwIP/src/include/netif -I../Middlewares/Third_Party/LwIP/src/include/compat/posix -I../Middlewares/Third_Party/LwIP/src/include/compat/posix/arpa -I../Middlewares/Third_Party/LwIP/src/include/compat/posix/net -I../Middlewares/Third_Party/LwIP/src/include/compat/posix/sys -I../Middlewares/Third_Party/LwIP/src/include/compat/stdc -I../Middlewares/Third_Party/LwIP/system/arch -O0 -ffunction-sections -fdata-sections -Wall -fstack-usage -MMD -MP -MF"Middlewares/Third_Party/LwIP/src/netif/lowpan6_ble.d" -MT"Middlewares/Third_Party/LwIP/src/netif/lowpan6_ble.o" --specs=nano.specs -mfpu=fpv5-sp-d16 -mfloat-abi=hard -mthumb -o "Middlewares/Third_Party/LwIP/src/netif/lowpan6_ble.o"
arm-none-eabi-gcc "../Middlewares/Third_Party/LwIP/src/netif/lowpan6_common.c" -mcpu=cortex-m7 -std=gnu11 -g3 -DDEBUG -DUSE_HAL_DRIVER -DSTM32F746xx -c -I../Core/Inc -I../Drivers/STM32F7xx_HAL_Driver/Inc -I../Drivers/STM32F7xx_HAL_Driver/Inc/Legacy -I../Drivers/CMSIS/Device/ST/STM32F7xx/Include -I../Drivers/CMSIS/Include -I../LWIP/App -I../LWIP/Target -I../Middlewares/Third_Party/LwIP/src/include -I../Middlewares/Third_Party/LwIP/system -I../Middlewares/Third_Party/LwIP/src/include/netif/ppp -I../Middlewares/Third_Party/LwIP/src/include/lwip -I../Middlewares/Third_Party/LwIP/src/include/lwip/apps -I../Middlewares/Third_Party/LwIP/src/include/lwip/priv -I../Middlewares/Third_Party/LwIP/src/include/lwip/prot -I../Middlewares/Third_Party/LwIP/src/include/netif -I../Middlewares/Third_Party/LwIP/src/include/compat/posix -I../Middlewares/Third_Party/LwIP/src/include/compat/posix/arpa -I../Middlewares/Third_Party/LwIP/src/include/compat/posix/net -I../Middlewares/Third_Party/LwIP/src/include/compat/posix/sys -I../Middlewares/Third_Party/LwIP/src/include/compat/stdc -I../Middlewares/Third_Party/LwIP/system/arch -O0 -ffunction-sections -fdata-sections -Wall -fstack-usage -MMD -MP -MF"Middlewares/Third_Party/LwIP/src/netif/lowpan6_common.d" -MT"Middlewares/Third_Party/LwIP/src/netif/lowpan6_common.o" --specs=nano.specs -mfpu=fpv5-sp-d16 -mfloat-abi=hard -mthumb -o "Middlewares/Third_Party/LwIP/src/netif/lowpan6_common.o"
arm-none-eabi-gcc "../Middlewares/Third_Party/LwIP/src/netif/slipif.c" -mcpu=cortex-m7 -std=gnu11 -g3 -DDEBUG -DUSE_HAL_DRIVER -DSTM32F746xx -c -I../Core/Inc -I../Drivers/STM32F7xx_HAL_Driver/Inc -I../Drivers/STM32F7xx_HAL_Driver/Inc/Legacy -I../Drivers/CMSIS/Device/ST/STM32F7xx/Include -I../Drivers/CMSIS/Include -I../LWIP/App -I../LWIP/Target -I../Middlewares/Third_Party/LwIP/src/include -I../Middlewares/Third_Party/LwIP/system -I../Middlewares/Third_Party/LwIP/src/include/netif/ppp -I../Middlewares/Third_Party/LwIP/src/include/lwip -I../Middlewares/Third_Party/LwIP/src/include/lwip/apps -I../Middlewares/Third_Party/LwIP/src/include/lwip/priv -I../Middlewares/Third_Party/LwIP/src/include/lwip/prot -I../Middlewares/Third_Party/LwIP/src/include/netif -I../Middlewares/Third_Party/LwIP/src/include/compat/posix -I../Middlewares/Third_Party/LwIP/src/include/compat/posix/arpa -I../Middlewares/Third_Party/LwIP/src/include/compat/posix/net -I../Middlewares/Third_Party/LwIP/src/include/compat/posix/sys -I../Middlewares/Third_Party/LwIP/src/include/compat/stdc -I../Middlewares/Third_Party/LwIP/system/arch -O0 -ffunction-sections -fdata-sections -Wall -fstack-usage -MMD -MP -MF"Middlewares/Third_Party/LwIP/src/netif/slipif.d" -MT"Middlewares/Third_Party/LwIP/src/netif/slipif.o" --specs=nano.specs -mfpu=fpv5-sp-d16 -mfloat-abi=hard -mthumb -o "Middlewares/Third_Party/LwIP/src/netif/slipif.o"
arm-none-eabi-gcc "../Middlewares/Third_Party/LwIP/src/netif/zepif.c" -mcpu=cortex-m7 -std=gnu11 -g3 -DDEBUG -DUSE_HAL_DRIVER -DSTM32F746xx -c -I../Core/Inc -I../Drivers/STM32F7xx_HAL_Driver/Inc -I../Drivers/STM32F7xx_HAL_Driver/Inc/Legacy -I../Drivers/CMSIS/Device/ST/STM32F7xx/Include -I../Drivers/CMSIS/Include -I../LWIP/App -I../LWIP/Target -I../Middlewares/Third_Party/LwIP/src/include -I../Middlewares/Third_Party/LwIP/system -I../Middlewares/Third_Party/LwIP/src/include/netif/ppp -I../Middlewares/Third_Party/LwIP/src/include/lwip -I../Middlewares/Third_Party/LwIP/src/include/lwip/apps -I../Middlewares/Third_Party/LwIP/src/include/lwip/priv -I../Middlewares/Third_Party/LwIP/src/include/lwip/prot -I../Middlewares/Third_Party/LwIP/src/include/netif -I../Middlewares/Third_Party/LwIP/src/include/compat/posix -I../Middlewares/Third_Party/LwIP/src/include/compat/posix/arpa -I../Middlewares/Third_Party/LwIP/src/include/compat/posix/net -I../Middlewares/Third_Party/LwIP/src/include/compat/posix/sys -I../Middlewares/Third_Party/LwIP/src/include/compat/stdc -I../Middlewares/Third_Party/LwIP/system/arch -O0 -ffunction-sections -fdata-sections -Wall -fstack-usage -MMD -MP -MF"Middlewares/Third_Party/LwIP/src/netif/zepif.d" -MT"Middlewares/Third_Party/LwIP/src/netif/zepif.o" --specs=nano.specs -mfpu=fpv5-sp-d16 -mfloat-abi=hard -mthumb -o "Middlewares/Third_Party/LwIP/src/netif/zepif.o"
arm-none-eabi-gcc "../Middlewares/Third_Party/LwIP/src/core/ipv6/dhcp6.c" -mcpu=cortex-m7 -std=gnu11 -g3 -DDEBUG -DUSE_HAL_DRIVER -DSTM32F746xx -c -I../Core/Inc -I../Drivers/STM32F7xx_HAL_Driver/Inc -I../Drivers/STM32F7xx_HAL_Driver/Inc/Legacy -I../Drivers/CMSIS/Device/ST/STM32F7xx/Include -I../Drivers/CMSIS/Include -I../LWIP/App -I../LWIP/Target -I../Middlewares/Third_Party/LwIP/src/include -I../Middlewares/Third_Party/LwIP/system -I../Middlewares/Third_Party/LwIP/src/include/netif/ppp -I../Middlewares/Third_Party/LwIP/src/include/lwip -I../Middlewares/Third_Party/LwIP/src/include/lwip/apps -I../Middlewares/Third_Party/LwIP/src/include/lwip/priv -I../Middlewares/Third_Party/LwIP/src/include/lwip/prot -I../Middlewares/Third_Party/LwIP/src/include/netif -I../Middlewares/Third_Party/LwIP/src/include/compat/posix -I../Middlewares/Third_Party/LwIP/src/include/compat/posix/arpa -I../Middlewares/Third_Party/LwIP/src/include/compat/posix/net -I../Middlewares/Third_Party/LwIP/src/include/compat/posix/sys -I../Middlewares/Third_Party/LwIP/src/include/compat/stdc -I../Middlewares/Third_Party/LwIP/system/arch -O0 -ffunction-sections -fdata-sections -Wall -fstack-usage -MMD -MP -MF"Middlewares/Third_Party/LwIP/src/core/ipv6/dhcp6.d" -MT"Middlewares/Third_Party/LwIP/src/core/ipv6/dhcp6.o" --specs=nano.specs -mfpu=fpv5-sp-d16 -mfloat-abi=hard -mthumb -o "Middlewares/Third_Party/LwIP/src/core/ipv6/dhcp6.o"
arm-none-eabi-gcc "../Middlewares/Third_Party/LwIP/src/core/ipv6/ethip6.c" -mcpu=cortex-m7 -std=gnu11 -g3 -DDEBUG -DUSE_HAL_DRIVER -DSTM32F746xx -c -I../Core/Inc -I../Drivers/STM32F7xx_HAL_Driver/Inc -I../Drivers/STM32F7xx_HAL_Driver/Inc/Legacy -I../Drivers/CMSIS/Device/ST/STM32F7xx/Include -I../Drivers/CMSIS/Include -I../LWIP/App -I../LWIP/Target -I../Middlewares/Third_Party/LwIP/src/include -I../Middlewares/Third_Party/LwIP/system -I../Middlewares/Third_Party/LwIP/src/include/netif/ppp -I../Middlewares/Third_Party/LwIP/src/include/lwip -I../Middlewares/Third_Party/LwIP/src/include/lwip/apps -I../Middlewares/Third_Party/LwIP/src/include/lwip/priv -I../Middlewares/Third_Party/LwIP/src/include/lwip/prot -I../Middlewares/Third_Party/LwIP/src/include/netif -I../Middlewares/Third_Party/LwIP/src/include/compat/posix -I../Middlewares/Third_Party/LwIP/src/include/compat/posix/arpa -I../Middlewares/Third_Party/LwIP/src/include/compat/posix/net -I../Middlewares/Third_Party/LwIP/src/include/compat/posix/sys -I../Middlewares/Third_Party/LwIP/src/include/compat/stdc -I../Middlewares/Third_Party/LwIP/system/arch -O0 -ffunction-sections -fdata-sections -Wall -fstack-usage -MMD -MP -MF"Middlewares/Third_Party/LwIP/src/core/ipv6/ethip6.d" -MT"Middlewares/Third_Party/LwIP/src/core/ipv6/ethip6.o" --specs=nano.specs -mfpu=fpv5-sp-d16 -mfloat-abi=hard -mthumb -o "Middlewares/Third_Party/LwIP/src/core/ipv6/ethip6.o"
arm-none-eabi-gcc "../Middlewares/Third_Party/LwIP/src/core/ipv6/icmp6.c" -mcpu=cortex-m7 -std=gnu11 -g3 -DDEBUG -DUSE_HAL_DRIVER -DSTM32F746xx -c -I../Core/Inc -I../Drivers/STM32F7xx_HAL_Driver/Inc -I../Drivers/STM32F7xx_HAL_Driver/Inc/Legacy -I../Drivers/CMSIS/Device/ST/STM32F7xx/Include -I../Drivers/CMSIS/Include -I../LWIP/App -I../LWIP/Target -I../Middlewares/Third_Party/LwIP/src/include -I../Middlewares/Third_Party/LwIP/system -I../Middlewares/Third_Party/LwIP/src/include/netif/ppp -I../Middlewares/Third_Party/LwIP/src/include/lwip -I../Middlewares/Third_Party/LwIP/src/include/lwip/apps -I../Middlewares/Third_Party/LwIP/src/include/lwip/priv -I../Middlewares/Third_Party/LwIP/src/include/lwip/prot -I../Middlewares/Third_Party/LwIP/src/include/netif -I../Middlewares/Third_Party/LwIP/src/include/compat/posix -I../Middlewares/Third_Party/LwIP/src/include/compat/posix/arpa -I../Middlewares/Third_Party/LwIP/src/include/compat/posix/net -I../Middlewares/Third_Party/LwIP/src/include/compat/posix/sys -I../Middlewares/Third_Party/LwIP/src/include/compat/stdc -I../Middlewares/Third_Party/LwIP/system/arch -O0 -ffunction-sections -fdata-sections -Wall -fstack-usage -MMD -MP -MF"Middlewares/Third_Party/LwIP/src/core/ipv6/icmp6.d" -MT"Middlewares/Third_Party/LwIP/src/core/ipv6/icmp6.o" --specs=nano.specs -mfpu=fpv5-sp-d16 -mfloat-abi=hard -mthumb -o "Middlewares/Third_Party/LwIP/src/core/ipv6/icmp6.o"
arm-none-eabi-gcc "../Middlewares/Third_Party/LwIP/src/core/ipv6/inet6.c" -mcpu=cortex-m7 -std=gnu11 -g3 -DDEBUG -DUSE_HAL_DRIVER -DSTM32F746xx -c -I../Core/Inc -I../Drivers/STM32F7xx_HAL_Driver/Inc -I../Drivers/STM32F7xx_HAL_Driver/Inc/Legacy -I../Drivers/CMSIS/Device/ST/STM32F7xx/Include -I../Drivers/CMSIS/Include -I../LWIP/App -I../LWIP/Target -I../Middlewares/Third_Party/LwIP/src/include -I../Middlewares/Third_Party/LwIP/system -I../Middlewares/Third_Party/LwIP/src/include/netif/ppp -I../Middlewares/Third_Party/LwIP/src/include/lwip -I../Middlewares/Third_Party/LwIP/src/include/lwip/apps -I../Middlewares/Third_Party/LwIP/src/include/lwip/priv -I../Middlewares/Third_Party/LwIP/src/include/lwip/prot -I../Middlewares/Third_Party/LwIP/src/include/netif -I../Middlewares/Third_Party/LwIP/src/include/compat/posix -I../Middlewares/Third_Party/LwIP/src/include/compat/posix/arpa -I../Middlewares/Third_Party/LwIP/src/include/compat/posix/net -I../Middlewares/Third_Party/LwIP/src/include/compat/posix/sys -I../Middlewares/Third_Party/LwIP/src/include/compat/stdc -I../Middlewares/Third_Party/LwIP/system/arch -O0 -ffunction-sections -fdata-sections -Wall -fstack-usage -MMD -MP -MF"Middlewares/Third_Party/LwIP/src/core/ipv6/inet6.d" -MT"Middlewares/Third_Party/LwIP/src/core/ipv6/inet6.o" --specs=nano.specs -mfpu=fpv5-sp-d16 -mfloat-abi=hard -mthumb -o "Middlewares/Third_Party/LwIP/src/core/ipv6/inet6.o"
arm-none-eabi-gcc "../Middlewares/Third_Party/LwIP/src/core/ipv6/ip6.c" -mcpu=cortex-m7 -std=gnu11 -g3 -DDEBUG -DUSE_HAL_DRIVER -DSTM32F746xx -c -I../Core/Inc -I../Drivers/STM32F7xx_HAL_Driver/Inc -I../Drivers/STM32F7xx_HAL_Driver/Inc/Legacy -I../Drivers/CMSIS/Device/ST/STM32F7xx/Include -I../Drivers/CMSIS/Include -I../LWIP/App -I../LWIP/Target -I../Middlewares/Third_Party/LwIP/src/include -I../Middlewares/Third_Party/LwIP/system -I../Middlewares/Third_Party/LwIP/src/include/netif/ppp -I../Middlewares/Third_Party/LwIP/src/include/lwip -I../Middlewares/Third_Party/LwIP/src/include/lwip/apps -I../Middlewares/Third_Party/LwIP/src/include/lwip/priv -I../Middlewares/Third_Party/LwIP/src/include/lwip/prot -I../Middlewares/Third_Party/LwIP/src/include/netif -I../Middlewares/Third_Party/LwIP/src/include/compat/posix -I../Middlewares/Third_Party/LwIP/src/include/compat/posix/arpa -I../Middlewares/Third_Party/LwIP/src/include/compat/posix/net -I../Middlewares/Third_Party/LwIP/src/include/compat/posix/sys -I../Middlewares/Third_Party/LwIP/src/include/compat/stdc -I../Middlewares/Third_Party/LwIP/system/arch -O0 -ffunction-sections -fdata-sections -Wall -fstack-usage -MMD -MP -MF"Middlewares/Third_Party/LwIP/src/core/ipv6/ip6.d" -MT"Middlewares/Third_Party/LwIP/src/core/ipv6/ip6.o" --specs=nano.specs -mfpu=fpv5-sp-d16 -mfloat-abi=hard -mthumb -o "Middlewares/Third_Party/LwIP/src/core/ipv6/ip6.o"
arm-none-eabi-gcc "../Middlewares/Third_Party/LwIP/src/core/ipv6/ip6_addr.c" -mcpu=cortex-m7 -std=gnu11 -g3 -DDEBUG -DUSE_HAL_DRIVER -DSTM32F746xx -c -I../Core/Inc -I../Drivers/STM32F7xx_HAL_Driver/Inc -I../Drivers/STM32F7xx_HAL_Driver/Inc/Legacy -I../Drivers/CMSIS/Device/ST/STM32F7xx/Include -I../Drivers/CMSIS/Include -I../LWIP/App -I../LWIP/Target -I../Middlewares/Third_Party/LwIP/src/include -I../Middlewares/Third_Party/LwIP/system -I../Middlewares/Third_Party/LwIP/src/include/netif/ppp -I../Middlewares/Third_Party/LwIP/src/include/lwip -I../Middlewares/Third_Party/LwIP/src/include/lwip/apps -I../Middlewares/Third_Party/LwIP/src/include/lwip/priv -I../Middlewares/Third_Party/LwIP/src/include/lwip/prot -I../Middlewares/Third_Party/LwIP/src/include/netif -I../Middlewares/Third_Party/LwIP/src/include/compat/posix -I../Middlewares/Third_Party/LwIP/src/include/compat/posix/arpa -I../Middlewares/Third_Party/LwIP/src/include/compat/posix/net -I../Middlewares/Third_Party/LwIP/src/include/compat/posix/sys -I../Middlewares/Third_Party/LwIP/src/include/compat/stdc -I../Middlewares/Third_Party/LwIP/system/arch -O0 -ffunction-sections -fdata-sections -Wall -fstack-usage -MMD -MP -MF"Middlewares/Third_Party/LwIP/src/core/ipv6/ip6_addr.d" -MT"Middlewares/Third_Party/LwIP/src/core/ipv6/ip6_addr.o" --specs=nano.specs -mfpu=fpv5-sp-d16 -mfloat-abi=hard -mthumb -o "Middlewares/Third_Party/LwIP/src/core/ipv6/ip6_addr.o"
arm-none-eabi-gcc "../Middlewares/Third_Party/LwIP/src/core/ipv6/ip6_frag.c" -mcpu=cortex-m7 -std=gnu11 -g3 -DDEBUG -DUSE_HAL_DRIVER -DSTM32F746xx -c -I../Core/Inc -I../Drivers/STM32F7xx_HAL_Driver/Inc -I../Drivers/STM32F7xx_HAL_Driver/Inc/Legacy -I../Drivers/CMSIS/Device/ST/STM32F7xx/Include -I../Drivers/CMSIS/Include -I../LWIP/App -I../LWIP/Target -I../Middlewares/Third_Party/LwIP/src/include -I../Middlewares/Third_Party/LwIP/system -I../Middlewares/Third_Party/LwIP/src/include/netif/ppp -I../Middlewares/Third_Party/LwIP/src/include/lwip -I../Middlewares/Third_Party/LwIP/src/include/lwip/apps -I../Middlewares/Third_Party/LwIP/src/include/lwip/priv -I../Middlewares/Third_Party/LwIP/src/include/lwip/prot -I../Middlewares/Third_Party/LwIP/src/include/netif -I../Middlewares/Third_Party/LwIP/src/include/compat/posix -I../Middlewares/Third_Party/LwIP/src/include/compat/posix/arpa -I../Middlewares/Third_Party/LwIP/src/include/compat/posix/net -I../Middlewares/Third_Party/LwIP/src/include/compat/posix/sys -I../Middlewares/Third_Party/LwIP/src/include/compat/stdc -I../Middlewares/Third_Party/LwIP/system/arch -O0 -ffunction-sections -fdata-sections -Wall -fstack-usage -MMD -MP -MF"Middlewares/Third_Party/LwIP/src/core/ipv6/ip6_frag.d" -MT"Middlewares/Third_Party/LwIP/src/core/ipv6/ip6_frag.o" --specs=nano.specs -mfpu=fpv5-sp-d16 -mfloat-abi=hard -mthumb -o "Middlewares/Third_Party/LwIP/src/core/ipv6/ip6_frag.o"
arm-none-eabi-gcc "../Middlewares/Third_Party/LwIP/src/core/ipv6/mld6.c" -mcpu=cortex-m7 -std=gnu11 -g3 -DDEBUG -DUSE_HAL_DRIVER -DSTM32F746xx -c -I../Core/Inc -I../Drivers/STM32F7xx_HAL_Driver/Inc -I../Drivers/STM32F7xx_HAL_Driver/Inc/Legacy -I../Drivers/CMSIS/Device/ST/STM32F7xx/Include -I../Drivers/CMSIS/Include -I../LWIP/App -I../LWIP/Target -I../Middlewares/Third_Party/LwIP/src/include -I../Middlewares/Third_Party/LwIP/system -I../Middlewares/Third_Party/LwIP/src/include/netif/ppp -I../Middlewares/Third_Party/LwIP/src/include/lwip -I../Middlewares/Third_Party/LwIP/src/include/lwip/apps -I../Middlewares/Third_Party/LwIP/src/include/lwip/priv -I../Middlewares/Third_Party/LwIP/src/include/lwip/prot -I../Middlewares/Third_Party/LwIP/src/include/netif -I../Middlewares/Third_Party/LwIP/src/include/compat/posix -I../Middlewares/Third_Party/LwIP/src/include/compat/posix/arpa -I../Middlewares/Third_Party/LwIP/src/include/compat/posix/net -I../Middlewares/Third_Party/LwIP/src/include/compat/posix/sys -I../Middlewares/Third_Party/LwIP/src/include/compat/stdc -I../Middlewares/Third_Party/LwIP/system/arch -O0 -ffunction-sections -fdata-sections -Wall -fstack-usage -MMD -MP -MF"Middlewares/Third_Party/LwIP/src/core/ipv6/mld6.d" -MT"Middlewares/Third_Party/LwIP/src/core/ipv6/mld6.o" --specs=nano.specs -mfpu=fpv5-sp-d16 -mfloat-abi=hard -mthumb -o "Middlewares/Third_Party/LwIP/src/core/ipv6/mld6.o"
[...]
../Core/Src/udpClientRAW.c: In function 'udpClient_connect':
../Core/Src/udpClientRAW.c:74:18: warning: passing argument 1 of 'udpClient_send' from incompatible pointer type [-Wincompatible-pointer-types]
   74 |   udpClient_send("stmF746ZG_ready");
      |                  ^~~~~~~~~~~~~~~~~
      |                  |
      |                  char *
In file included from ../Core/Src/udpClientRAW.c:30:
../Core/Src/udpClientRAW.h:26:21: note: expected 'char **' but argument is of type 'char *'
   26 | void udpClient_send(char* []);
      |                     ^~~~~~~~
../Core/Src/udpClientRAW.c: In function 'udpClient_send':
../Core/Src/udpClientRAW.c:88:27: warning: passing argument 2 of 'sprintf' from incompatible pointer type [-Wincompatible-pointer-types]
   88 |   int len = sprintf(data, send_msg);
      |                           ^~~~~~~~
      |                           |
      |                           char **
In file included from ../Middlewares/Third_Party/LwIP/system/arch/cc.h:37,
                 from ../Middlewares/Third_Party/LwIP/src/include/lwip/arch.h:48,
                 from ../Middlewares/Third_Party/LwIP/src/include/lwip/debug.h:40,
                 from ../Middlewares/Third_Party/LwIP/src/include/lwip/opt.h:52,
                 from ../Middlewares/Third_Party/LwIP/src/include/lwip/pbuf.h:41,
                 from ../Core/Src/udpClientRAW.c:23:
c:\st\stm32cubeide_1.7.0\stm32cubeide\plugins\com.st.stm32cube.ide.mcu.externaltools.gnu-tools-for-stm32.9-2020-q2-update.win32_2.0.0.202105311346\tools\arm-none-eabi\include\stdio.h:244:32: note: expected 'const char * restrict' but argument is of type 'char **'
  244 | int sprintf (char *__restrict, const char *__restrict, ...)
      |                                ^
../Core/Src/udpClientRAW.c: In function 'udpClient_receive_callback':
../Core/Src/udpClientRAW.c:127:22: warning: passing argument 1 of 'udpClient_send' from incompatible pointer type [-Wincompatible-pointer-types]
  127 |       udpClient_send("stmF746ZG_ready");
      |                      ^~~~~~~~~~~~~~~~~
      |                      |
      |                      char *
../Core/Src/udpClientRAW.c:82:27: note: expected 'char **' but argument is of type 'char *'
   82 | void udpClient_send(char* send_msg[])
      |                     ~~~~~~^~~~~~~~~~
../Core/Src/udpClientRAW.c:150:3: warning: implicit declaration of function 'HAL_DELAY' [-Wimplicit-function-declaration]
  150 |   HAL_DELAY(100);
      |   ^~~~~~~~~
arm-none-eabi-gcc -o "ETHERNET.elf" @"objects.list"   -mcpu=cortex-m7 -T"C:\Users\heyju\OneDrive - University of Tulsa\fs2021\mpdd\ECE4263-github\STM_workspace\ETHERNET\STM32F746ZGTX_FLASH.ld" --specs=nosys.specs -Wl,-Map="ETHERNET.map" -Wl,--gc-sections -static --specs=nano.specs -mfpu=fpv5-sp-d16 -mfloat-abi=hard -mthumb -Wl,--start-group -lc -lm -Wl,--end-group
c:\st\stm32cubeide_1.7.0\stm32cubeide\plugins\com.st.stm32cube.ide.mcu.externaltools.gnu-tools-for-stm32.9-2020-q2-update.win32_2.0.0.202105311346\tools\arm-none-eabi\bin\ld.exe: ./Core/Src/udpClientRAW.o: in function `udpClient_receive_callback':
C:/Users/heyju/OneDrive - University of Tulsa/fs2021/mpdd/ECE4263-github/STM_workspace/ETHERNET/Debug/../Core/Src/udpClientRAW.c:150: undefined reference to `HAL_DELAY'
collect2.exe: error: ld returned 1 exit status
make: *** [makefile:74: ETHERNET.elf] Error 1
"make -j16 all" terminated with exit code 2. Build might be incomplete.
14:20:36 **** Incremental Build of configuration Debug for project ETHERNET ****
make -j16 all 
arm-none-eabi-gcc "../Core/Src/udpClientRAW.c" -mcpu=cortex-m7 -std=gnu11 -g3 -DDEBUG -DUSE_HAL_DRIVER -DSTM32F746xx -c -I../Core/Inc -I../Drivers/STM32F7xx_HAL_Driver/Inc -I../Drivers/STM32F7xx_HAL_Driver/Inc/Legacy -I../Drivers/CMSIS/Device/ST/STM32F7xx/Include -I../Drivers/CMSIS/Include -I../LWIP/App -I../LWIP/Target -I../Middlewares/Third_Party/LwIP/src/include -I../Middlewares/Third_Party/LwIP/system -I../Middlewares/Third_Party/LwIP/src/include/netif/ppp -I../Middlewares/Third_Party/LwIP/src/include/lwip -I../Middlewares/Third_Party/LwIP/src/include/lwip/apps -I../Middlewares/Third_Party/LwIP/src/include/lwip/priv -I../Middlewares/Third_Party/LwIP/src/include/lwip/prot -I../Middlewares/Third_Party/LwIP/src/include/netif -I../Middlewares/Third_Party/LwIP/src/include/compat/posix -I../Middlewares/Third_Party/LwIP/src/include/compat/posix/arpa -I../Middlewares/Third_Party/LwIP/src/include/compat/posix/net -I../Middlewares/Third_Party/LwIP/src/include/compat/posix/sys -I../Middlewares/Third_Party/LwIP/src/include/compat/stdc -I../Middlewares/Third_Party/LwIP/system/arch -O0 -ffunction-sections -fdata-sections -Wall -fstack-usage -MMD -MP -MF"Core/Src/udpClientRAW.d" -MT"Core/Src/udpClientRAW.o" --specs=nano.specs -mfpu=fpv5-sp-d16 -mfloat-abi=hard -mthumb -o "Core/Src/udpClientRAW.o"
../Core/Src/udpClientRAW.c: In function 'udpClient_connect':
../Core/Src/udpClientRAW.c:74:18: warning: passing argument 1 of 'udpClient_send' from incompatible pointer type [-Wincompatible-pointer-types]
   74 |   udpClient_send("stmF746ZG_ready");
      |                  ^~~~~~~~~~~~~~~~~
      |                  |
      |                  char *
In file included from ../Core/Src/udpClientRAW.c:30:
../Core/Src/udpClientRAW.h:26:21: note: expected 'char **' but argument is of type 'char *'
   26 | void udpClient_send(char* []);
      |                     ^~~~~~~~
../Core/Src/udpClientRAW.c: In function 'udpClient_send':
../Core/Src/udpClientRAW.c:88:27: warning: passing argument 2 of 'sprintf' from incompatible pointer type [-Wincompatible-pointer-types]
   88 |   int len = sprintf(data, send_msg);
      |                           ^~~~~~~~
      |                           |
      |                           char **
In file included from ../Middlewares/Third_Party/LwIP/system/arch/cc.h:37,
                 from ../Middlewares/Third_Party/LwIP/src/include/lwip/arch.h:48,
                 from ../Middlewares/Third_Party/LwIP/src/include/lwip/debug.h:40,
                 from ../Middlewares/Third_Party/LwIP/src/include/lwip/opt.h:52,
                 from ../Middlewares/Third_Party/LwIP/src/include/lwip/pbuf.h:41,
                 from ../Core/Src/udpClientRAW.c:23:
c:\st\stm32cubeide_1.7.0\stm32cubeide\plugins\com.st.stm32cube.ide.mcu.externaltools.gnu-tools-for-stm32.9-2020-q2-update.win32_2.0.0.202105311346\tools\arm-none-eabi\include\stdio.h:244:32: note: expected 'const char * restrict' but argument is of type 'char **'
  244 | int sprintf (char *__restrict, const char *__restrict, ...)
      |                                ^
../Core/Src/udpClientRAW.c: In function 'udpClient_receive_callback':
../Core/Src/udpClientRAW.c:127:22: warning: passing argument 1 of 'udpClient_send' from incompatible pointer type [-Wincompatible-pointer-types]
  127 |       udpClient_send("stmF746ZG_ready");
      |                      ^~~~~~~~~~~~~~~~~
      |                      |
      |                      char *
../Core/Src/udpClientRAW.c:82:27: note: expected 'char **' but argument is of type 'char *'
   82 | void udpClient_send(char* send_msg[])
      |                     ~~~~~~^~~~~~~~~~
arm-none-eabi-gcc -o "ETHERNET.elf" @"objects.list"   -mcpu=cortex-m7 -T"C:\Users\heyju\OneDrive - University of Tulsa\fs2021\mpdd\ECE4263-github\STM_workspace\ETHERNET\STM32F746ZGTX_FLASH.ld" --specs=nosys.specs -Wl,-Map="ETHERNET.map" -Wl,--gc-sections -static --specs=nano.specs -mfpu=fpv5-sp-d16 -mfloat-abi=hard -mthumb -Wl,--start-group -lc -lm -Wl,--end-group
Finished building target: ETHERNET.elf
 
arm-none-eabi-size   ETHERNET.elf 
arm-none-eabi-objdump -h -S  ETHERNET.elf  > "ETHERNET.list"
arm-none-eabi-objcopy  -O binary  ETHERNET.elf  "ETHERNET.bin"
   text	   data	    bss	    dec	    hex	filename
  73848	    128	  37056	 111032	  1b1b8	ETHERNET.elf
Finished building: default.size.stdout
 
Finished building: ETHERNET.bin
 
Finished building: ETHERNET.list
 
14:21:21 **** Incremental Build of configuration Debug for project ETHERNET ****
make -j16 all 
arm-none-eabi-gcc "../Core/Src/udpClientRAW.c" -mcpu=cortex-m7 -std=gnu11 -g3 -DDEBUG -DUSE_HAL_DRIVER -DSTM32F746xx -c -I../Core/Inc -I../Drivers/STM32F7xx_HAL_Driver/Inc -I../Drivers/STM32F7xx_HAL_Driver/Inc/Legacy -I../Drivers/CMSIS/Device/ST/STM32F7xx/Include -I../Drivers/CMSIS/Include -I../LWIP/App -I../LWIP/Target -I../Middlewares/Third_Party/LwIP/src/include -I../Middlewares/Third_Party/LwIP/system -I../Middlewares/Third_Party/LwIP/src/include/netif/ppp -I../Middlewares/Third_Party/LwIP/src/include/lwip -I../Middlewares/Third_Party/LwIP/src/include/lwip/apps -I../Middlewares/Third_Party/LwIP/src/include/lwip/priv -I../Middlewares/Third_Party/LwIP/src/include/lwip/prot -I../Middlewares/Third_Party/LwIP/src/include/netif -I../Middlewares/Third_Party/LwIP/src/include/compat/posix -I../Middlewares/Third_Party/LwIP/src/include/compat/posix/arpa -I../Middlewares/Third_Party/LwIP/src/include/compat/posix/net -I../Middlewares/Third_Party/LwIP/src/include/compat/posix/sys -I../Middlewares/Third_Party/LwIP/src/include/compat/stdc -I../Middlewares/Third_Party/LwIP/system/arch -O0 -ffunction-sections -fdata-sections -Wall -fstack-usage -MMD -MP -MF"Core/Src/udpClientRAW.d" -MT"Core/Src/udpClientRAW.o" --specs=nano.specs -mfpu=fpv5-sp-d16 -mfloat-abi=hard -mthumb -o "Core/Src/udpClientRAW.o"
../Core/Src/udpClientRAW.c: In function 'udpClient_connect':
../Core/Src/udpClientRAW.c:74:18: warning: passing argument 1 of 'udpClient_send' from incompatible pointer type [-Wincompatible-pointer-types]
   74 |   udpClient_send("stmF746ZG_ready");
      |                  ^~~~~~~~~~~~~~~~~
      |                  |
      |                  char *
In file included from ../Core/Src/udpClientRAW.c:30:
../Core/Src/udpClientRAW.h:26:21: note: expected 'char **' but argument is of type 'char *'
   26 | void udpClient_send(char* []);
      |                     ^~~~~~~~
../Core/Src/udpClientRAW.c: In function 'udpClient_send':
../Core/Src/udpClientRAW.c:88:27: warning: passing argument 2 of 'sprintf' from incompatible pointer type [-Wincompatible-pointer-types]
   88 |   int len = sprintf(data, send_msg);
      |                           ^~~~~~~~
      |                           |
      |                           char **
In file included from ../Middlewares/Third_Party/LwIP/system/arch/cc.h:37,
                 from ../Middlewares/Third_Party/LwIP/src/include/lwip/arch.h:48,
                 from ../Middlewares/Third_Party/LwIP/src/include/lwip/debug.h:40,
                 from ../Middlewares/Third_Party/LwIP/src/include/lwip/opt.h:52,
                 from ../Middlewares/Third_Party/LwIP/src/include/lwip/pbuf.h:41,
                 from ../Core/Src/udpClientRAW.c:23:
c:\st\stm32cubeide_1.7.0\stm32cubeide\plugins\com.st.stm32cube.ide.mcu.externaltools.gnu-tools-for-stm32.9-2020-q2-update.win32_2.0.0.202105311346\tools\arm-none-eabi\include\stdio.h:244:32: note: expected 'const char * restrict' but argument is of type 'char **'
  244 | int sprintf (char *__restrict, const char *__restrict, ...)
      |                                ^
../Core/Src/udpClientRAW.c: In function 'udpClient_receive_callback':
../Core/Src/udpClientRAW.c:127:22: warning: passing argument 1 of 'udpClient_send' from incompatible pointer type [-Wincompatible-pointer-types]
  127 |       udpClient_send("stmF746ZG_ready");
      |                      ^~~~~~~~~~~~~~~~~
      |                      |
      |                      char *
../Core/Src/udpClientRAW.c:82:27: note: expected 'char **' but argument is of type 'char *'
   82 | void udpClient_send(char* send_msg[])
      |                     ~~~~~~^~~~~~~~~~
arm-none-eabi-gcc -o "ETHERNET.elf" @"objects.list"   -mcpu=cortex-m7 -T"C:\Users\heyju\OneDrive - University of Tulsa\fs2021\mpdd\ECE4263-github\STM_workspace\ETHERNET\STM32F746ZGTX_FLASH.ld" --specs=nosys.specs -Wl,-Map="ETHERNET.map" -Wl,--gc-sections -static --specs=nano.specs -mfpu=fpv5-sp-d16 -mfloat-abi=hard -mthumb -Wl,--start-group -lc -lm -Wl,--end-group
Finished building target: ETHERNET.elf
 
arm-none-eabi-size   ETHERNET.elf 
arm-none-eabi-objdump -h -S  ETHERNET.elf  > "ETHERNET.list"
arm-none-eabi-objcopy  -O binary  ETHERNET.elf  "ETHERNET.bin"
   text	   data	    bss	    dec	    hex	filename
  73848	    128	  37056	 111032	  1b1b8	ETHERNET.elf
Finished building: default.size.stdout
 
Finished building: ETHERNET.bin
 
Finished building: ETHERNET.list
 
14:22:08 **** Incremental Build of configuration Debug for project ETHERNET ****
make -j16 all 
arm-none-eabi-gcc "../Core/Src/udpClientRAW.c" -mcpu=cortex-m7 -std=gnu11 -g3 -DDEBUG -DUSE_HAL_DRIVER -DSTM32F746xx -c -I../Core/Inc -I../Drivers/STM32F7xx_HAL_Driver/Inc -I../Drivers/STM32F7xx_HAL_Driver/Inc/Legacy -I../Drivers/CMSIS/Device/ST/STM32F7xx/Include -I../Drivers/CMSIS/Include -I../LWIP/App -I../LWIP/Target -I../Middlewares/Third_Party/LwIP/src/include -I../Middlewares/Third_Party/LwIP/system -I../Middlewares/Third_Party/LwIP/src/include/netif/ppp -I../Middlewares/Third_Party/LwIP/src/include/lwip -I../Middlewares/Third_Party/LwIP/src/include/lwip/apps -I../Middlewares/Third_Party/LwIP/src/include/lwip/priv -I../Middlewares/Third_Party/LwIP/src/include/lwip/prot -I../Middlewares/Third_Party/LwIP/src/include/netif -I../Middlewares/Third_Party/LwIP/src/include/compat/posix -I../Middlewares/Third_Party/LwIP/src/include/compat/posix/arpa -I../Middlewares/Third_Party/LwIP/src/include/compat/posix/net -I../Middlewares/Third_Party/LwIP/src/include/compat/posix/sys -I../Middlewares/Third_Party/LwIP/src/include/compat/stdc -I../Middlewares/Third_Party/LwIP/system/arch -O0 -ffunction-sections -fdata-sections -Wall -fstack-usage -MMD -MP -MF"Core/Src/udpClientRAW.d" -MT"Core/Src/udpClientRAW.o" --specs=nano.specs -mfpu=fpv5-sp-d16 -mfloat-abi=hard -mthumb -o "Core/Src/udpClientRAW.o"
../Core/Src/udpClientRAW.c: In function 'udpClient_connect':
../Core/Src/udpClientRAW.c:74:18: warning: passing argument 1 of 'udpClient_send' from incompatible pointer type [-Wincompatible-pointer-types]
   74 |   udpClient_send("stmF746ZG_ready");
      |                  ^~~~~~~~~~~~~~~~~
      |                  |
      |                  char *
In file included from ../Core/Src/udpClientRAW.c:30:
../Core/Src/udpClientRAW.h:26:21: note: expected 'char **' but argument is of type 'char *'
   26 | void udpClient_send(char* []);
      |                     ^~~~~~~~
../Core/Src/udpClientRAW.c: In function 'udpClient_send':
../Core/Src/udpClientRAW.c:88:27: warning: passing argument 2 of 'sprintf' from incompatible pointer type [-Wincompatible-pointer-types]
   88 |   int len = sprintf(data, send_msg);
      |                           ^~~~~~~~
      |                           |
      |                           char **
In file included from ../Middlewares/Third_Party/LwIP/system/arch/cc.h:37,
                 from ../Middlewares/Third_Party/LwIP/src/include/lwip/arch.h:48,
                 from ../Middlewares/Third_Party/LwIP/src/include/lwip/debug.h:40,
                 from ../Middlewares/Third_Party/LwIP/src/include/lwip/opt.h:52,
                 from ../Middlewares/Third_Party/LwIP/src/include/lwip/pbuf.h:41,
                 from ../Core/Src/udpClientRAW.c:23:
c:\st\stm32cubeide_1.7.0\stm32cubeide\plugins\com.st.stm32cube.ide.mcu.externaltools.gnu-tools-for-stm32.9-2020-q2-update.win32_2.0.0.202105311346\tools\arm-none-eabi\include\stdio.h:244:32: note: expected 'const char * restrict' but argument is of type 'char **'
  244 | int sprintf (char *__restrict, const char *__restrict, ...)
      |                                ^
../Core/Src/udpClientRAW.c: In function 'udpClient_receive_callback':
../Core/Src/udpClientRAW.c:127:22: warning: passing argument 1 of 'udpClient_send' from incompatible pointer type [-Wincompatible-pointer-types]
  127 |       udpClient_send("stmF746ZG_ready");
      |                      ^~~~~~~~~~~~~~~~~
      |                      |
      |                      char *
../Core/Src/udpClientRAW.c:82:27: note: expected 'char **' but argument is of type 'char *'
   82 | void udpClient_send(char* send_msg[])
      |                     ~~~~~~^~~~~~~~~~
arm-none-eabi-gcc -o "ETHERNET.elf" @"objects.list"   -mcpu=cortex-m7 -T"C:\Users\heyju\OneDrive - University of Tulsa\fs2021\mpdd\ECE4263-github\STM_workspace\ETHERNET\STM32F746ZGTX_FLASH.ld" --specs=nosys.specs -Wl,-Map="ETHERNET.map" -Wl,--gc-sections -static --specs=nano.specs -mfpu=fpv5-sp-d16 -mfloat-abi=hard -mthumb -Wl,--start-group -lc -lm -Wl,--end-group
Finished building target: ETHERNET.elf
 
arm-none-eabi-size   ETHERNET.elf 
arm-none-eabi-objdump -h -S  ETHERNET.elf  > "ETHERNET.list"
arm-none-eabi-objcopy  -O binary  ETHERNET.elf  "ETHERNET.bin"
   text	   data	    bss	    dec	    hex	filename
  73848	    128	  37056	 111032	  1b1b8	ETHERNET.elf
Finished building: default.size.stdout
 
Finished building: ETHERNET.bin
 
Finished building: ETHERNET.list
 
14:23:47 **** Incremental Build of configuration Debug for project ETHERNET ****
make -j16 all 
arm-none-eabi-gcc "../Core/Src/stm32f7xx_it.c" -mcpu=cortex-m7 -std=gnu11 -g3 -DDEBUG -DUSE_HAL_DRIVER -DSTM32F746xx -c -I../Core/Inc -I../Drivers/STM32F7xx_HAL_Driver/Inc -I../Drivers/STM32F7xx_HAL_Driver/Inc/Legacy -I../Drivers/CMSIS/Device/ST/STM32F7xx/Include -I../Drivers/CMSIS/Include -I../LWIP/App -I../LWIP/Target -I../Middlewares/Third_Party/LwIP/src/include -I../Middlewares/Third_Party/LwIP/system -I../Middlewares/Third_Party/LwIP/src/include/netif/ppp -I../Middlewares/Third_Party/LwIP/src/include/lwip -I../Middlewares/Third_Party/LwIP/src/include/lwip/apps -I../Middlewares/Third_Party/LwIP/src/include/lwip/priv -I../Middlewares/Third_Party/LwIP/src/include/lwip/prot -I../Middlewares/Third_Party/LwIP/src/include/netif -I../Middlewares/Third_Party/LwIP/src/include/compat/posix -I../Middlewares/Third_Party/LwIP/src/include/compat/posix/arpa -I../Middlewares/Third_Party/LwIP/src/include/compat/posix/net -I../Middlewares/Third_Party/LwIP/src/include/compat/posix/sys -I../Middlewares/Third_Party/LwIP/src/include/compat/stdc -I../Middlewares/Third_Party/LwIP/system/arch -O0 -ffunction-sections -fdata-sections -Wall -fstack-usage -MMD -MP -MF"Core/Src/stm32f7xx_it.d" -MT"Core/Src/stm32f7xx_it.o" --specs=nano.specs -mfpu=fpv5-sp-d16 -mfloat-abi=hard -mthumb -o "Core/Src/stm32f7xx_it.o"
../Core/Src/stm32f7xx_it.c: In function 'EXTI15_10_IRQHandler':
../Core/Src/stm32f7xx_it.c:223:20: warning: passing argument 1 of 'udpClient_send' from incompatible pointer type [-Wincompatible-pointer-types]
  223 |     udpClient_send("6013CA34");
      |                    ^~~~~~~~~~
      |                    |
      |                    char *
In file included from ../Core/Src/stm32f7xx_it.c:27:
../Core/Src/udpClientRAW.h:26:21: note: expected 'char **' but argument is of type 'char *'
   26 | void udpClient_send(char* []);
      |                     ^~~~~~~~
arm-none-eabi-gcc -o "ETHERNET.elf" @"objects.list"   -mcpu=cortex-m7 -T"C:\Users\heyju\OneDrive - University of Tulsa\fs2021\mpdd\ECE4263-github\STM_workspace\ETHERNET\STM32F746ZGTX_FLASH.ld" --specs=nosys.specs -Wl,-Map="ETHERNET.map" -Wl,--gc-sections -static --specs=nano.specs -mfpu=fpv5-sp-d16 -mfloat-abi=hard -mthumb -Wl,--start-group -lc -lm -Wl,--end-group
Finished building target: ETHERNET.elf
 
arm-none-eabi-size   ETHERNET.elf 
arm-none-eabi-objdump -h -S  ETHERNET.elf  > "ETHERNET.list"
arm-none-eabi-objcopy  -O binary  ETHERNET.elf  "ETHERNET.bin"
   text	   data	    bss	    dec	    hex	filename
  73852	    128	  37056	 111036	  1b1bc	ETHERNET.elf
Finished building: default.size.stdout
 
Finished building: ETHERNET.bin
 
Finished building: ETHERNET.list
 
